127.0.0.1 - - [13/May/2015:14:53:10 +0700] "GET / HTTP/1.1" 404 -
127.0.0.1 - - [13/May/2015:14:53:10 +0700] "GET / HTTP/1.1" 404 -
127.0.0.1 - - [13/May/2015:14:53:10 +0700] "GET / HTTP/1.1" 404 -
127.0.0.1 - - [13/May/2015:14:53:10 +0700] "GET / HTTP/1.1" 404 -
127.0.0.1 - - [13/May/2015:14:53:10 +0700] "GET / HTTP/1.1" 404 -
127.0.0.1 - - [13/May/2015:14:53:10 +0700] "GET / HTTP/1.1" 404 -
127.0.0.1 - - [13/May/2015:14:53:10 +0700] "GET / HTTP/1.1" 404 992
127.0.0.1 - - [13/May/2015:14:53:10 +0700] "GET / HTTP/1.1" 404 -
127.0.0.1 - - [13/May/2015:14:53:10 +0700] "GET / HTTP/1.1" 404 992
0:0:0:0:0:0:0:1 - - [13/May/2015:14:53:15 +0700] "GET /cit/ HTTP/1.1" 302 -
0:0:0:0:0:0:0:1 - - [13/May/2015:14:53:19 +0700] "GET /cit/login HTTP/1.1" 200 11516
0:0:0:0:0:0:0:1 - - [13/May/2015:14:53:20 +0700] "GET /cit/resources/themes/default/js/jquery-2.1.1.min.js HTTP/1.1" 200 84249
0:0:0:0:0:0:0:1 - - [13/May/2015:14:53:20 +0700] "GET /cit/resources/themes/default/css/style-signin.css HTTP/1.1" 200 746
0:0:0:0:0:0:0:1 - - [13/May/2015:14:53:20 +0700] "GET /cit/resources/themes/default/css/style.css HTTP/1.1" 200 21098
0:0:0:0:0:0:0:1 - - [13/May/2015:14:53:20 +0700] "GET /cit/resources/themes/default/plugins/bootstrap/js/bootstrap.min.js HTTP/1.1" 200 35607
0:0:0:0:0:0:0:1 - - [13/May/2015:14:53:20 +0700] "GET /cit/resources/themes/default/js/script.js HTTP/1.1" 200 9166
0:0:0:0:0:0:0:1 - - [13/May/2015:14:53:20 +0700] "GET /cit/resources/themes/default/js/validationform.js HTTP/1.1" 200 60
0:0:0:0:0:0:0:1 - - [13/May/2015:14:53:20 +0700] "GET /cit/resources/themes/default/plugins/font-awesome-4.2.0/css/font-awesome.min.css HTTP/1.1" 200 21987
0:0:0:0:0:0:0:1 - - [13/May/2015:14:53:20 +0700] "GET /cit/resources/themes/default/plugins/AdminLTE.min.css HTTP/1.1" 200 75844
0:0:0:0:0:0:0:1 - - [13/May/2015:14:53:20 +0700] "GET /cit/resources/themes/default/plugins/bootstrap/css/bootstrap.min.css HTTP/1.1" 200 113502
0:0:0:0:0:0:0:1 - - [13/May/2015:14:53:20 +0700] "GET /cit/resources/themes/default/plugins/contextmenu/context.standalone.css HTTP/1.1" 200 5849
0:0:0:0:0:0:0:1 - - [13/May/2015:14:53:20 +0700] "GET /cit/resources/themes/default/js/jquery-ui.min.js HTTP/1.1" 200 238326
0:0:0:0:0:0:0:1 - - [13/May/2015:14:53:20 +0700] "GET /cit/resources/themes/default/plugins/sparkline/jquery.sparkline.min.js HTTP/1.1" 200 43247
0:0:0:0:0:0:0:1 - - [13/May/2015:14:53:20 +0700] "GET /cit/resources/themes/default/plugins/bootstrap/fonts/glyphicons-halflings-regular.woff HTTP/1.1" 200 23320
0:0:0:0:0:0:0:1 - - [13/May/2015:15:01:57 +0700] "POST /cit/login HTTP/1.1" 302 -
0:0:0:0:0:0:0:1 - - [13/May/2015:15:01:58 +0700] "GET /cit/ HTTP/1.1" 200 12098
0:0:0:0:0:0:0:1 - - [13/May/2015:15:01:58 +0700] "GET /cit/resources/themes/default/images/loading-min.gif HTTP/1.1" 200 723
0:0:0:0:0:0:0:1 - - [13/May/2015:15:01:59 +0700] "GET /cit/resources/themes/default/img/boxed-bg.jpg HTTP/1.1" 200 635
0:0:0:0:0:0:0:1 - - [13/May/2015:15:01:59 +0700] "GET /cit/resources/themes/default/plugins/font-awesome-4.2.0/fonts/fontawesome-webfont.woff?v=4.2.0 HTTP/1.1" 200 65452
0:0:0:0:0:0:0:1 - - [13/May/2015:15:02:35 +0700] "GET /cit/checkstatus/192.168.0.17/ce11055235ad0d44b6c77c37147d24bc HTTP/1.1" 200 -
0:0:0:0:0:0:0:1 - - [13/May/2015:15:02:50 +0700] "GET /cit/checkstatus/192.168.0.17/ce11055235ad0d44b6c77c37147d24bc HTTP/1.1" 200 -
0:0:0:0:0:0:0:1 - - [13/May/2015:15:03:05 +0700] "GET /cit/checkstatus/192.168.0.17/ce11055235ad0d44b6c77c37147d24bc HTTP/1.1" 200 -
0:0:0:0:0:0:0:1 - - [13/May/2015:15:03:20 +0700] "GET /cit/checkstatus/192.168.0.17/ce11055235ad0d44b6c77c37147d24bc HTTP/1.1" 200 -
0:0:0:0:0:0:0:1 - - [13/May/2015:15:03:35 +0700] "GET /cit/checkstatus/192.168.0.17/ce11055235ad0d44b6c77c37147d24bc HTTP/1.1" 200 -
0:0:0:0:0:0:0:1 - - [13/May/2015:15:03:50 +0700] "GET /cit/checkstatus/192.168.0.17/ce11055235ad0d44b6c77c37147d24bc HTTP/1.1" 200 -
0:0:0:0:0:0:0:1 - - [13/May/2015:15:04:05 +0700] "GET /cit/checkstatus/192.168.0.17/ce11055235ad0d44b6c77c37147d24bc HTTP/1.1" 200 -
0:0:0:0:0:0:0:1 - - [13/May/2015:15:04:20 +0700] "GET /cit/checkstatus/192.168.0.17/ce11055235ad0d44b6c77c37147d24bc HTTP/1.1" 200 -
0:0:0:0:0:0:0:1 - - [13/May/2015:15:04:35 +0700] "GET /cit/checkstatus/192.168.0.17/ce11055235ad0d44b6c77c37147d24bc HTTP/1.1" 200 -
0:0:0:0:0:0:0:1 - - [13/May/2015:15:04:50 +0700] "GET /cit/checkstatus/192.168.0.17/ce11055235ad0d44b6c77c37147d24bc HTTP/1.1" 200 -
0:0:0:0:0:0:0:1 - - [13/May/2015:15:05:05 +0700] "GET /cit/checkstatus/192.168.0.17/ce11055235ad0d44b6c77c37147d24bc HTTP/1.1" 200 -
0:0:0:0:0:0:0:1 - - [13/May/2015:15:05:20 +0700] "GET /cit/checkstatus/192.168.0.17/ce11055235ad0d44b6c77c37147d24bc HTTP/1.1" 200 -
0:0:0:0:0:0:0:1 - - [13/May/2015:15:05:35 +0700] "GET /cit/checkstatus/192.168.0.17/ce11055235ad0d44b6c77c37147d24bc HTTP/1.1" 200 -
0:0:0:0:0:0:0:1 - - [13/May/2015:15:05:50 +0700] "GET /cit/checkstatus/192.168.0.17/ce11055235ad0d44b6c77c37147d24bc HTTP/1.1" 200 -
0:0:0:0:0:0:0:1 - - [13/May/2015:15:06:05 +0700] "GET /cit/checkstatus/192.168.0.17/ce11055235ad0d44b6c77c37147d24bc HTTP/1.1" 200 -
0:0:0:0:0:0:0:1 - - [13/May/2015:15:06:20 +0700] "GET /cit/checkstatus/192.168.0.17/ce11055235ad0d44b6c77c37147d24bc HTTP/1.1" 200 -
0:0:0:0:0:0:0:1 - - [13/May/2015:15:06:35 +0700] "GET /cit/checkstatus/192.168.0.17/ce11055235ad0d44b6c77c37147d24bc HTTP/1.1" 200 -
0:0:0:0:0:0:0:1 - - [13/May/2015:15:06:50 +0700] "GET /cit/checkstatus/192.168.0.17/ce11055235ad0d44b6c77c37147d24bc HTTP/1.1" 200 -
0:0:0:0:0:0:0:1 - - [13/May/2015:15:07:05 +0700] "GET /cit/checkstatus/192.168.0.17/ce11055235ad0d44b6c77c37147d24bc HTTP/1.1" 200 -
0:0:0:0:0:0:0:1 - - [13/May/2015:15:07:20 +0700] "GET /cit/checkstatus/192.168.0.17/ce11055235ad0d44b6c77c37147d24bc HTTP/1.1" 200 -
0:0:0:0:0:0:0:1 - - [13/May/2015:15:07:30 +0700] "GET /cit/ HTTP/1.1" 302 -
0:0:0:0:0:0:0:1 - - [13/May/2015:15:07:30 +0700] "GET /cit/login HTTP/1.1" 200 12044
0:0:0:0:0:0:0:1 - - [13/May/2015:15:07:30 +0700] "GET /cit/resources/themes/default/plugins/font-awesome-4.2.0/css/font-awesome.min.css;jsessionid=D2288084D145228E7E0600FB5422A155 HTTP/1.1" 200 21987
0:0:0:0:0:0:0:1 - - [13/May/2015:15:07:30 +0700] "GET /cit/resources/themes/default/plugins/AdminLTE.min.css;jsessionid=D2288084D145228E7E0600FB5422A155 HTTP/1.1" 200 75844
0:0:0:0:0:0:0:1 - - [13/May/2015:15:07:30 +0700] "GET /cit/resources/themes/default/plugins/bootstrap/css/bootstrap.min.css;jsessionid=D2288084D145228E7E0600FB5422A155 HTTP/1.1" 200 113502
0:0:0:0:0:0:0:1 - - [13/May/2015:15:07:30 +0700] "GET /cit/resources/themes/default/plugins/contextmenu/context.standalone.css;jsessionid=D2288084D145228E7E0600FB5422A155 HTTP/1.1" 200 5849
0:0:0:0:0:0:0:1 - - [13/May/2015:15:07:30 +0700] "GET /cit/resources/themes/default/css/style-signin.css;jsessionid=D2288084D145228E7E0600FB5422A155 HTTP/1.1" 200 746
0:0:0:0:0:0:0:1 - - [13/May/2015:15:07:30 +0700] "GET /cit/resources/themes/default/js/jquery-2.1.1.min.js;jsessionid=D2288084D145228E7E0600FB5422A155 HTTP/1.1" 200 84249
0:0:0:0:0:0:0:1 - - [13/May/2015:15:07:30 +0700] "GET /cit/resources/themes/default/plugins/bootstrap/js/bootstrap.min.js;jsessionid=D2288084D145228E7E0600FB5422A155 HTTP/1.1" 200 35607
0:0:0:0:0:0:0:1 - - [13/May/2015:15:07:30 +0700] "GET /cit/resources/themes/default/css/style.css;jsessionid=D2288084D145228E7E0600FB5422A155 HTTP/1.1" 200 21098
0:0:0:0:0:0:0:1 - - [13/May/2015:15:07:30 +0700] "GET /cit/resources/themes/default/js/jquery-ui.min.js;jsessionid=D2288084D145228E7E0600FB5422A155 HTTP/1.1" 200 238326
0:0:0:0:0:0:0:1 - - [13/May/2015:15:07:30 +0700] "GET /cit/resources/themes/default/js/validationform.js;jsessionid=D2288084D145228E7E0600FB5422A155 HTTP/1.1" 200 60
0:0:0:0:0:0:0:1 - - [13/May/2015:15:07:30 +0700] "GET /cit/resources/themes/default/js/script.js;jsessionid=D2288084D145228E7E0600FB5422A155 HTTP/1.1" 200 9166
0:0:0:0:0:0:0:1 - - [13/May/2015:15:07:30 +0700] "GET /cit/resources/themes/default/plugins/sparkline/jquery.sparkline.min.js;jsessionid=D2288084D145228E7E0600FB5422A155 HTTP/1.1" 200 43247
0:0:0:0:0:0:0:1 - - [13/May/2015:15:07:30 +0700] "GET /cit/resources/themes/default/plugins/bootstrap/fonts/glyphicons-halflings-regular.woff HTTP/1.1" 200 23320
0:0:0:0:0:0:0:1 - - [13/May/2015:15:07:35 +0700] "GET /cit/checkstatus/192.168.0.17/ce11055235ad0d44b6c77c37147d24bc HTTP/1.1" 200 -
0:0:0:0:0:0:0:1 - - [13/May/2015:15:07:50 +0700] "GET /cit/checkstatus/192.168.0.17/ce11055235ad0d44b6c77c37147d24bc HTTP/1.1" 200 -
192.168.43.186 - - [13/May/2015:15:07:57 +0700] "GET /cit HTTP/1.1" 302 -
192.168.43.186 - - [13/May/2015:15:07:57 +0700] "GET /cit/ HTTP/1.1" 302 -
192.168.43.186 - - [13/May/2015:15:07:57 +0700] "GET /cit/login HTTP/1.1" 200 11516
192.168.43.186 - - [13/May/2015:15:07:57 +0700] "GET /cit/resources/themes/default/js/jquery-2.1.1.min.js HTTP/1.1" 200 84249
192.168.43.186 - - [13/May/2015:15:07:57 +0700] "GET /cit/resources/themes/default/plugins/bootstrap/js/bootstrap.min.js HTTP/1.1" 200 35607
192.168.43.186 - - [13/May/2015:15:07:57 +0700] "GET /cit/resources/themes/default/js/jquery-ui.min.js HTTP/1.1" 200 238326
192.168.43.186 - - [13/May/2015:15:07:57 +0700] "GET /cit/resources/themes/default/plugins/contextmenu/context.standalone.css HTTP/1.1" 200 5849
192.168.43.186 - - [13/May/2015:15:07:57 +0700] "GET /cit/resources/themes/default/css/style.css HTTP/1.1" 200 21098
192.168.43.186 - - [13/May/2015:15:07:57 +0700] "GET /cit/resources/themes/default/plugins/font-awesome-4.2.0/css/font-awesome.min.css HTTP/1.1" 200 21987
192.168.43.186 - - [13/May/2015:15:07:57 +0700] "GET /cit/resources/themes/default/css/style-signin.css HTTP/1.1" 200 746
192.168.43.186 - - [13/May/2015:15:07:57 +0700] "GET /cit/resources/themes/default/plugins/bootstrap/css/bootstrap.min.css HTTP/1.1" 200 113502
192.168.43.186 - - [13/May/2015:15:07:57 +0700] "GET /cit/resources/themes/default/plugins/AdminLTE.min.css HTTP/1.1" 200 75844
192.168.43.186 - - [13/May/2015:15:07:57 +0700] "GET /cit/resources/themes/default/plugins/sparkline/jquery.sparkline.min.js HTTP/1.1" 200 43247
192.168.43.186 - - [13/May/2015:15:07:57 +0700] "GET /cit/resources/themes/default/js/validationform.js HTTP/1.1" 200 60
192.168.43.186 - - [13/May/2015:15:07:57 +0700] "GET /cit/resources/themes/default/js/script.js HTTP/1.1" 200 9166
192.168.43.186 - - [13/May/2015:15:07:57 +0700] "GET /cit/resources/themes/default/plugins/bootstrap/fonts/glyphicons-halflings-regular.woff HTTP/1.1" 200 23320
0:0:0:0:0:0:0:1 - - [13/May/2015:15:08:05 +0700] "GET /cit/checkstatus/192.168.0.17/ce11055235ad0d44b6c77c37147d24bc HTTP/1.1" 200 -
0:0:0:0:0:0:0:1 - - [13/May/2015:15:08:20 +0700] "GET /cit/checkstatus/192.168.0.17/ce11055235ad0d44b6c77c37147d24bc HTTP/1.1" 200 -
0:0:0:0:0:0:0:1 - - [13/May/2015:15:08:35 +0700] "GET /cit/checkstatus/192.168.0.17/ce11055235ad0d44b6c77c37147d24bc HTTP/1.1" 200 -
0:0:0:0:0:0:0:1 - - [13/May/2015:15:08:50 +0700] "GET /cit/checkstatus/192.168.0.17/ce11055235ad0d44b6c77c37147d24bc HTTP/1.1" 200 -
0:0:0:0:0:0:0:1 - - [13/May/2015:15:09:05 +0700] "GET /cit/checkstatus/192.168.0.17/ce11055235ad0d44b6c77c37147d24bc HTTP/1.1" 200 -
0:0:0:0:0:0:0:1 - - [13/May/2015:15:09:20 +0700] "GET /cit/checkstatus/192.168.0.17/ce11055235ad0d44b6c77c37147d24bc HTTP/1.1" 200 -
0:0:0:0:0:0:0:1 - - [13/May/2015:15:09:35 +0700] "GET /cit/checkstatus/192.168.0.17/ce11055235ad0d44b6c77c37147d24bc HTTP/1.1" 200 -
0:0:0:0:0:0:0:1 - - [13/May/2015:15:09:50 +0700] "GET /cit/checkstatus/192.168.0.17/ce11055235ad0d44b6c77c37147d24bc HTTP/1.1" 200 -
0:0:0:0:0:0:0:1 - - [13/May/2015:15:10:05 +0700] "GET /cit/checkstatus/192.168.0.17/ce11055235ad0d44b6c77c37147d24bc HTTP/1.1" 200 -
0:0:0:0:0:0:0:1 - - [13/May/2015:15:10:20 +0700] "GET /cit/checkstatus/192.168.0.17/ce11055235ad0d44b6c77c37147d24bc HTTP/1.1" 200 -
0:0:0:0:0:0:0:1 - - [13/May/2015:15:10:35 +0700] "GET /cit/checkstatus/192.168.0.17/ce11055235ad0d44b6c77c37147d24bc HTTP/1.1" 200 -
0:0:0:0:0:0:0:1 - - [13/May/2015:15:10:50 +0700] "GET /cit/checkstatus/192.168.0.17/ce11055235ad0d44b6c77c37147d24bc HTTP/1.1" 200 -
0:0:0:0:0:0:0:1 - - [13/May/2015:15:11:05 +0700] "GET /cit/checkstatus/192.168.0.17/ce11055235ad0d44b6c77c37147d24bc HTTP/1.1" 200 -
0:0:0:0:0:0:0:1 - - [13/May/2015:15:11:20 +0700] "GET /cit/checkstatus/192.168.0.17/ce11055235ad0d44b6c77c37147d24bc HTTP/1.1" 200 -
0:0:0:0:0:0:0:1 - - [13/May/2015:15:11:35 +0700] "GET /cit/checkstatus/192.168.0.17/ce11055235ad0d44b6c77c37147d24bc HTTP/1.1" 200 -
0:0:0:0:0:0:0:1 - - [13/May/2015:15:11:50 +0700] "GET /cit/checkstatus/192.168.0.17/ce11055235ad0d44b6c77c37147d24bc HTTP/1.1" 200 -
0:0:0:0:0:0:0:1 - - [13/May/2015:15:12:05 +0700] "GET /cit/checkstatus/192.168.0.17/ce11055235ad0d44b6c77c37147d24bc HTTP/1.1" 200 -
0:0:0:0:0:0:0:1 - - [13/May/2015:15:12:20 +0700] "GET /cit/checkstatus/192.168.0.17/ce11055235ad0d44b6c77c37147d24bc HTTP/1.1" 200 -
0:0:0:0:0:0:0:1 - - [13/May/2015:15:12:35 +0700] "GET /cit/checkstatus/192.168.0.17/ce11055235ad0d44b6c77c37147d24bc HTTP/1.1" 200 -
0:0:0:0:0:0:0:1 - - [13/May/2015:15:12:50 +0700] "GET /cit/checkstatus/192.168.0.17/ce11055235ad0d44b6c77c37147d24bc HTTP/1.1" 200 -
192.168.43.51 - - [13/May/2015:15:12:58 +0700] "GET /cit HTTP/1.1" 302 -
192.168.43.51 - - [13/May/2015:15:12:58 +0700] "GET /cit/ HTTP/1.1" 302 -
192.168.43.51 - - [13/May/2015:15:12:58 +0700] "GET /cit/login HTTP/1.1" 200 11516
192.168.43.51 - - [13/May/2015:15:12:58 +0700] "GET /cit/resources/themes/default/plugins/font-awesome-4.2.0/css/font-awesome.min.css HTTP/1.1" 200 21987
192.168.43.51 - - [13/May/2015:15:12:58 +0700] "GET /cit/resources/themes/default/plugins/contextmenu/context.standalone.css HTTP/1.1" 200 5849
192.168.43.51 - - [13/May/2015:15:12:58 +0700] "GET /cit/resources/themes/default/js/jquery-2.1.1.min.js HTTP/1.1" 200 84249
192.168.43.51 - - [13/May/2015:15:12:58 +0700] "GET /cit/resources/themes/default/css/style.css HTTP/1.1" 200 21098
192.168.43.51 - - [13/May/2015:15:12:58 +0700] "GET /cit/resources/themes/default/plugins/AdminLTE.min.css HTTP/1.1" 200 75844
192.168.43.51 - - [13/May/2015:15:12:58 +0700] "GET /cit/resources/themes/default/css/style-signin.css HTTP/1.1" 200 746
192.168.43.51 - - [13/May/2015:15:12:58 +0700] "GET /cit/resources/themes/default/plugins/bootstrap/js/bootstrap.min.js HTTP/1.1" 200 35607
192.168.43.51 - - [13/May/2015:15:12:58 +0700] "GET /cit/resources/themes/default/js/validationform.js HTTP/1.1" 200 60
192.168.43.51 - - [13/May/2015:15:12:58 +0700] "GET /cit/resources/themes/default/js/script.js HTTP/1.1" 200 9166
192.168.43.51 - - [13/May/2015:15:12:58 +0700] "GET /cit/resources/themes/default/plugins/sparkline/jquery.sparkline.min.js HTTP/1.1" 200 43247
192.168.43.51 - - [13/May/2015:15:12:59 +0700] "GET /cit/resources/themes/default/plugins/bootstrap/css/bootstrap.min.css HTTP/1.1" 200 113502
192.168.43.51 - - [13/May/2015:15:12:59 +0700] "GET /cit/resources/themes/default/js/jquery-ui.min.js HTTP/1.1" 200 238326
192.168.43.51 - - [13/May/2015:15:12:59 +0700] "GET /cit/resources/themes/default/plugins/bootstrap/fonts/glyphicons-halflings-regular.woff HTTP/1.1" 200 23320
192.168.43.51 - - [13/May/2015:15:13:01 +0700] "GET /favicon.ico HTTP/1.1" 404 1025
0:0:0:0:0:0:0:1 - - [13/May/2015:15:13:05 +0700] "GET /cit/checkstatus/192.168.0.17/ce11055235ad0d44b6c77c37147d24bc HTTP/1.1" 200 -
192.168.43.51 - - [13/May/2015:15:13:10 +0700] "POST /cit/login HTTP/1.1" 302 -
192.168.43.51 - - [13/May/2015:15:13:10 +0700] "GET /cit/ HTTP/1.1" 200 12098
192.168.43.51 - - [13/May/2015:15:13:10 +0700] "GET /cit/resources/themes/default/images/loading-min.gif HTTP/1.1" 200 723
192.168.43.51 - - [13/May/2015:15:13:10 +0700] "GET /cit/resources/themes/default/img/boxed-bg.jpg HTTP/1.1" 200 635
192.168.43.51 - - [13/May/2015:15:13:10 +0700] "GET /cit/resources/themes/default/plugins/font-awesome-4.2.0/fonts/fontawesome-webfont.woff?v=4.2.0 HTTP/1.1" 200 65452
0:0:0:0:0:0:0:1 - - [13/May/2015:15:13:20 +0700] "GET /cit/checkstatus/192.168.0.17/ce11055235ad0d44b6c77c37147d24bc HTTP/1.1" 200 -
0:0:0:0:0:0:0:1 - - [13/May/2015:15:13:35 +0700] "GET /cit/checkstatus/192.168.0.17/ce11055235ad0d44b6c77c37147d24bc HTTP/1.1" 200 -
192.168.43.51 - - [13/May/2015:15:13:47 +0700] "GET /cit/checkstatus/192.168.0.17/18702a182ba329f2e2aa94e50d026eae HTTP/1.1" 200 5
0:0:0:0:0:0:0:1 - - [13/May/2015:15:13:50 +0700] "GET /cit/checkstatus/192.168.0.17/ce11055235ad0d44b6c77c37147d24bc HTTP/1.1" 200 -
192.168.43.51 - - [13/May/2015:15:14:03 +0700] "GET /cit/checkstatus/192.168.0.17/18702a182ba329f2e2aa94e50d026eae HTTP/1.1" 200 5
0:0:0:0:0:0:0:1 - - [13/May/2015:15:14:05 +0700] "GET /cit/checkstatus/192.168.0.17/ce11055235ad0d44b6c77c37147d24bc HTTP/1.1" 200 -
192.168.43.51 - - [13/May/2015:15:14:18 +0700] "GET /cit/checkstatus/192.168.0.17/18702a182ba329f2e2aa94e50d026eae HTTP/1.1" 200 5
0:0:0:0:0:0:0:1 - - [13/May/2015:15:14:20 +0700] "GET /cit/checkstatus/192.168.0.17/ce11055235ad0d44b6c77c37147d24bc HTTP/1.1" 200 -
192.168.43.51 - - [13/May/2015:15:14:33 +0700] "GET /cit/checkstatus/192.168.0.17/18702a182ba329f2e2aa94e50d026eae HTTP/1.1" 200 5
0:0:0:0:0:0:0:1 - - [13/May/2015:15:14:35 +0700] "GET /cit/checkstatus/192.168.0.17/ce11055235ad0d44b6c77c37147d24bc HTTP/1.1" 200 -
192.168.43.51 - - [13/May/2015:15:14:48 +0700] "GET /cit/checkstatus/192.168.0.17/18702a182ba329f2e2aa94e50d026eae HTTP/1.1" 200 5
0:0:0:0:0:0:0:1 - - [13/May/2015:15:14:50 +0700] "GET /cit/checkstatus/192.168.0.17/ce11055235ad0d44b6c77c37147d24bc HTTP/1.1" 200 -
192.168.43.51 - - [13/May/2015:15:15:03 +0700] "GET /cit/checkstatus/192.168.0.17/18702a182ba329f2e2aa94e50d026eae HTTP/1.1" 200 5
0:0:0:0:0:0:0:1 - - [13/May/2015:15:15:05 +0700] "GET /cit/checkstatus/192.168.0.17/ce11055235ad0d44b6c77c37147d24bc HTTP/1.1" 200 -
192.168.43.51 - - [13/May/2015:15:15:18 +0700] "GET /cit/checkstatus/192.168.0.17/18702a182ba329f2e2aa94e50d026eae HTTP/1.1" 200 5
0:0:0:0:0:0:0:1 - - [13/May/2015:15:15:20 +0700] "GET /cit/checkstatus/192.168.0.17/ce11055235ad0d44b6c77c37147d24bc HTTP/1.1" 200 -
192.168.43.51 - - [13/May/2015:15:15:33 +0700] "GET /cit/checkstatus/192.168.0.17/18702a182ba329f2e2aa94e50d026eae HTTP/1.1" 200 5
0:0:0:0:0:0:0:1 - - [13/May/2015:15:15:35 +0700] "GET /cit/checkstatus/192.168.0.17/ce11055235ad0d44b6c77c37147d24bc HTTP/1.1" 200 -
192.168.43.51 - - [13/May/2015:15:15:48 +0700] "GET /cit/checkstatus/192.168.0.17/18702a182ba329f2e2aa94e50d026eae HTTP/1.1" 200 5
192.168.43.51 - - [13/May/2015:15:15:49 +0700] "GET /cit/admincp/ HTTP/1.1" 200 5829
0:0:0:0:0:0:0:1 - - [13/May/2015:15:15:50 +0700] "GET /cit/checkstatus/192.168.0.17/ce11055235ad0d44b6c77c37147d24bc HTTP/1.1" 200 -
192.168.43.51 - - [13/May/2015:15:15:50 +0700] "GET /cit/resources/admin-theme/admin-default/plugins/bootstrap/js/bootstrap.min.js HTTP/1.1" 200 35607
192.168.43.51 - - [13/May/2015:15:15:50 +0700] "GET /cit/resources/admin-theme/admin-default/plugins/font-awesome-4.2.0/css/font-awesome.min.css HTTP/1.1" 200 21987
192.168.43.51 - - [13/May/2015:15:15:50 +0700] "GET /cit/resources/admin-theme/admin-default/js/jquery-2.1.1.min.js HTTP/1.1" 200 84249
192.168.43.51 - - [13/May/2015:15:15:50 +0700] "GET /cit/resources/admin-theme/admin-default/plugins/contextmenu/context.standalone.css HTTP/1.1" 200 5849
192.168.43.51 - - [13/May/2015:15:15:50 +0700] "GET /cit/resources/admin-theme/admin-default/css/style.css HTTP/1.1" 200 1522
192.168.43.51 - - [13/May/2015:15:15:50 +0700] "GET /cit/resources/admin-theme/admin-default/plugins/AdminLTE.min.css HTTP/1.1" 200 75844
192.168.43.51 - - [13/May/2015:15:15:51 +0700] "GET /cit/resources/admin-theme/admin-default/plugins/bootstrap/css/bootstrap.min.css HTTP/1.1" 200 113502
192.168.43.51 - - [13/May/2015:15:15:51 +0700] "GET /cit/resources/admin-theme/admin-default/js/jquery-ui.min.js HTTP/1.1" 200 238326
192.168.43.51 - - [13/May/2015:15:15:51 +0700] "GET /cit/resources/admin-theme/admin-default/plugins/bootstrap/fonts/glyphicons-halflings-regular.woff HTTP/1.1" 200 23320
192.168.43.51 - - [13/May/2015:15:16:03 +0700] "GET /cit/checkstatus/192.168.0.17/18702a182ba329f2e2aa94e50d026eae HTTP/1.1" 200 5
0:0:0:0:0:0:0:1 - - [13/May/2015:15:16:05 +0700] "GET /cit/checkstatus/192.168.0.17/ce11055235ad0d44b6c77c37147d24bc HTTP/1.1" 200 -
192.168.43.51 - - [13/May/2015:15:16:18 +0700] "GET /cit/checkstatus/192.168.0.17/18702a182ba329f2e2aa94e50d026eae HTTP/1.1" 200 5
0:0:0:0:0:0:0:1 - - [13/May/2015:15:16:20 +0700] "GET /cit/checkstatus/192.168.0.17/ce11055235ad0d44b6c77c37147d24bc HTTP/1.1" 200 -
192.168.43.51 - - [13/May/2015:15:16:33 +0700] "GET /cit/checkstatus/192.168.0.17/18702a182ba329f2e2aa94e50d026eae HTTP/1.1" 200 5
0:0:0:0:0:0:0:1 - - [13/May/2015:15:16:35 +0700] "GET /cit/checkstatus/192.168.0.17/ce11055235ad0d44b6c77c37147d24bc HTTP/1.1" 200 -
192.168.43.51 - - [13/May/2015:15:16:48 +0700] "GET /cit/checkstatus/192.168.0.17/18702a182ba329f2e2aa94e50d026eae HTTP/1.1" 200 5
0:0:0:0:0:0:0:1 - - [13/May/2015:15:16:50 +0700] "GET /cit/checkstatus/192.168.0.17/ce11055235ad0d44b6c77c37147d24bc HTTP/1.1" 200 -
192.168.43.51 - - [13/May/2015:15:17:03 +0700] "GET /cit/checkstatus/192.168.0.17/18702a182ba329f2e2aa94e50d026eae HTTP/1.1" 200 5
0:0:0:0:0:0:0:1 - - [13/May/2015:15:17:05 +0700] "GET /cit/checkstatus/192.168.0.17/ce11055235ad0d44b6c77c37147d24bc HTTP/1.1" 200 -
192.168.43.51 - - [13/May/2015:15:17:18 +0700] "GET /cit/checkstatus/192.168.0.17/18702a182ba329f2e2aa94e50d026eae HTTP/1.1" 200 5
0:0:0:0:0:0:0:1 - - [13/May/2015:15:17:20 +0700] "GET /cit/checkstatus/192.168.0.17/ce11055235ad0d44b6c77c37147d24bc HTTP/1.1" 200 -
192.168.43.51 - - [13/May/2015:15:17:33 +0700] "GET /cit/checkstatus/192.168.0.17/18702a182ba329f2e2aa94e50d026eae HTTP/1.1" 200 5
0:0:0:0:0:0:0:1 - - [13/May/2015:15:17:35 +0700] "GET /cit/checkstatus/192.168.0.17/ce11055235ad0d44b6c77c37147d24bc HTTP/1.1" 200 -
192.168.43.51 - - [13/May/2015:15:17:48 +0700] "GET /cit/checkstatus/192.168.0.17/18702a182ba329f2e2aa94e50d026eae HTTP/1.1" 200 5
0:0:0:0:0:0:0:1 - - [13/May/2015:15:17:50 +0700] "GET /cit/checkstatus/192.168.0.17/ce11055235ad0d44b6c77c37147d24bc HTTP/1.1" 200 -
192.168.43.51 - - [13/May/2015:15:18:02 +0700] "POST /cit/addserver HTTP/1.1" 200 7495
192.168.43.51 - - [13/May/2015:15:18:03 +0700] "GET /cit/checkstatus/192.168.0.17/18702a182ba329f2e2aa94e50d026eae HTTP/1.1" 200 5
0:0:0:0:0:0:0:1 - - [13/May/2015:15:18:05 +0700] "GET /cit/checkstatus/192.168.0.17/ce11055235ad0d44b6c77c37147d24bc HTTP/1.1" 200 -
192.168.43.51 - - [13/May/2015:15:18:05 +0700] "GET /cit/ HTTP/1.1" 200 14997
192.168.43.51 - - [13/May/2015:15:18:18 +0700] "GET /cit/checkstatus/192.168.0.17/18702a182ba329f2e2aa94e50d026eae HTTP/1.1" 200 5
0:0:0:0:0:0:0:1 - - [13/May/2015:15:18:20 +0700] "GET /cit/checkstatus/192.168.0.17/ce11055235ad0d44b6c77c37147d24bc HTTP/1.1" 200 -
192.168.43.51 - - [13/May/2015:15:18:31 +0700] "GET /cit/checkstatus/192.168.43.150/18702a182ba329f2e2aa94e50d026eae HTTP/1.1" 200 4
0:0:0:0:0:0:0:1 - - [13/May/2015:15:18:35 +0700] "GET /cit/checkstatus/192.168.0.17/ce11055235ad0d44b6c77c37147d24bc HTTP/1.1" 200 -
192.168.43.51 - - [13/May/2015:15:18:41 +0700] "GET /cit/checkstatus/192.168.0.17/18702a182ba329f2e2aa94e50d026eae HTTP/1.1" 200 5
192.168.43.51 - - [13/May/2015:15:18:45 +0700] "GET /cit/checkstatus/192.168.43.150/18702a182ba329f2e2aa94e50d026eae HTTP/1.1" 200 4
0:0:0:0:0:0:0:1 - - [13/May/2015:15:18:50 +0700] "GET /cit/checkstatus/192.168.0.17/ce11055235ad0d44b6c77c37147d24bc HTTP/1.1" 200 -
192.168.43.51 - - [13/May/2015:15:18:56 +0700] "GET /cit/checkstatus/192.168.0.17/18702a182ba329f2e2aa94e50d026eae HTTP/1.1" 200 5
192.168.43.51 - - [13/May/2015:15:19:00 +0700] "GET /cit/checkstatus/192.168.43.150/18702a182ba329f2e2aa94e50d026eae HTTP/1.1" 200 4
0:0:0:0:0:0:0:1 - - [13/May/2015:15:19:05 +0700] "GET /cit/checkstatus/192.168.0.17/ce11055235ad0d44b6c77c37147d24bc HTTP/1.1" 200 -
192.168.43.51 - - [13/May/2015:15:19:11 +0700] "GET /cit/checkstatus/192.168.0.17/18702a182ba329f2e2aa94e50d026eae HTTP/1.1" 200 5
192.168.43.51 - - [13/May/2015:15:19:15 +0700] "GET /cit/checkstatus/192.168.43.150/18702a182ba329f2e2aa94e50d026eae HTTP/1.1" 200 4
0:0:0:0:0:0:0:1 - - [13/May/2015:15:19:20 +0700] "GET /cit/checkstatus/192.168.0.17/ce11055235ad0d44b6c77c37147d24bc HTTP/1.1" 200 -
192.168.43.51 - - [13/May/2015:15:19:26 +0700] "GET /cit/checkstatus/192.168.0.17/18702a182ba329f2e2aa94e50d026eae HTTP/1.1" 200 5
192.168.43.51 - - [13/May/2015:15:19:30 +0700] "GET /cit/checkstatus/192.168.43.150/18702a182ba329f2e2aa94e50d026eae HTTP/1.1" 200 4
0:0:0:0:0:0:0:1 - - [13/May/2015:15:19:35 +0700] "GET /cit/checkstatus/192.168.0.17/ce11055235ad0d44b6c77c37147d24bc HTTP/1.1" 200 -
192.168.43.51 - - [13/May/2015:15:19:41 +0700] "GET /cit/checkstatus/192.168.0.17/18702a182ba329f2e2aa94e50d026eae HTTP/1.1" 200 5
192.168.43.51 - - [13/May/2015:15:19:45 +0700] "GET /cit/checkstatus/192.168.43.150/18702a182ba329f2e2aa94e50d026eae HTTP/1.1" 200 4
0:0:0:0:0:0:0:1 - - [13/May/2015:15:19:50 +0700] "GET /cit/checkstatus/192.168.0.17/ce11055235ad0d44b6c77c37147d24bc HTTP/1.1" 200 -
192.168.43.51 - - [13/May/2015:15:19:56 +0700] "GET /cit/checkstatus/192.168.0.17/18702a182ba329f2e2aa94e50d026eae HTTP/1.1" 200 5
192.168.43.51 - - [13/May/2015:15:20:00 +0700] "GET /cit/checkstatus/192.168.43.150/18702a182ba329f2e2aa94e50d026eae HTTP/1.1" 200 4
0:0:0:0:0:0:0:1 - - [13/May/2015:15:20:05 +0700] "GET /cit/checkstatus/192.168.0.17/ce11055235ad0d44b6c77c37147d24bc HTTP/1.1" 200 -
192.168.43.51 - - [13/May/2015:15:20:11 +0700] "GET /cit/checkstatus/192.168.0.17/18702a182ba329f2e2aa94e50d026eae HTTP/1.1" 200 5
192.168.43.51 - - [13/May/2015:15:20:16 +0700] "GET /cit/checkstatus/192.168.43.150/18702a182ba329f2e2aa94e50d026eae HTTP/1.1" 200 4
0:0:0:0:0:0:0:1 - - [13/May/2015:15:20:20 +0700] "GET /cit/checkstatus/192.168.0.17/ce11055235ad0d44b6c77c37147d24bc HTTP/1.1" 200 -
192.168.43.51 - - [13/May/2015:15:20:26 +0700] "GET /cit/checkstatus/192.168.0.17/18702a182ba329f2e2aa94e50d026eae HTTP/1.1" 200 5
192.168.43.51 - - [13/May/2015:15:20:27 +0700] "GET /cit/services/192.168.43.150/18702a182ba329f2e2aa94e50d026eae HTTP/1.1" 200 20009
192.168.43.51 - - [13/May/2015:15:20:27 +0700] "GET /cit/resources/themes/default/images/loading.gif HTTP/1.1" 200 8787
192.168.43.51 - - [13/May/2015:15:20:29 +0700] "GET /cit/getcpu/192.168.43.150/18702a182ba329f2e2aa94e50d026eae HTTP/1.1" 200 4
192.168.43.51 - - [13/May/2015:15:20:30 +0700] "GET /cit/getram/192.168.43.150/18702a182ba329f2e2aa94e50d026eae HTTP/1.1" 200 32
192.168.43.51 - - [13/May/2015:15:20:31 +0700] "GET /cit/getcpu/192.168.43.150/18702a182ba329f2e2aa94e50d026eae HTTP/1.1" 200 4
192.168.43.51 - - [13/May/2015:15:20:32 +0700] "GET /cit/getram/192.168.43.150/18702a182ba329f2e2aa94e50d026eae HTTP/1.1" 200 32
192.168.43.51 - - [13/May/2015:15:20:33 +0700] "GET /cit/getcpu/192.168.43.150/18702a182ba329f2e2aa94e50d026eae HTTP/1.1" 200 4
192.168.43.51 - - [13/May/2015:15:20:34 +0700] "GET /cit/getram/192.168.43.150/18702a182ba329f2e2aa94e50d026eae HTTP/1.1" 200 32
0:0:0:0:0:0:0:1 - - [13/May/2015:15:20:35 +0700] "GET /cit/checkstatus/192.168.0.17/ce11055235ad0d44b6c77c37147d24bc HTTP/1.1" 200 -
192.168.43.51 - - [13/May/2015:15:20:35 +0700] "GET /cit/getcpu/192.168.43.150/18702a182ba329f2e2aa94e50d026eae HTTP/1.1" 200 4
192.168.43.51 - - [13/May/2015:15:20:36 +0700] "GET /cit/getram/192.168.43.150/18702a182ba329f2e2aa94e50d026eae HTTP/1.1" 200 32
192.168.43.51 - - [13/May/2015:15:20:38 +0700] "GET /cit/getcpu/192.168.43.150/18702a182ba329f2e2aa94e50d026eae HTTP/1.1" 200 4
192.168.43.51 - - [13/May/2015:15:20:39 +0700] "GET /cit/getram/192.168.43.150/18702a182ba329f2e2aa94e50d026eae HTTP/1.1" 200 32
192.168.43.51 - - [13/May/2015:15:20:40 +0700] "GET /cit/getcpu/192.168.43.150/18702a182ba329f2e2aa94e50d026eae HTTP/1.1" 200 4
192.168.43.51 - - [13/May/2015:15:20:41 +0700] "GET /cit/getram/192.168.43.150/18702a182ba329f2e2aa94e50d026eae HTTP/1.1" 200 32
192.168.43.51 - - [13/May/2015:15:20:41 +0700] "GET /cit/checkstatus/192.168.0.17/18702a182ba329f2e2aa94e50d026eae HTTP/1.1" 200 5
192.168.43.51 - - [13/May/2015:15:20:42 +0700] "GET /cit/getserverinfo/192.168.43.150/18702a182ba329f2e2aa94e50d026eae HTTP/1.1" 200 522
192.168.43.51 - - [13/May/2015:15:20:42 +0700] "GET /cit/getcpu/192.168.43.150/18702a182ba329f2e2aa94e50d026eae HTTP/1.1" 200 4
192.168.43.51 - - [13/May/2015:15:20:43 +0700] "GET /cit/getram/192.168.43.150/18702a182ba329f2e2aa94e50d026eae HTTP/1.1" 200 32
192.168.43.51 - - [13/May/2015:15:20:44 +0700] "GET /cit/getcpu/192.168.43.150/18702a182ba329f2e2aa94e50d026eae HTTP/1.1" 200 4
192.168.43.51 - - [13/May/2015:15:20:45 +0700] "GET /cit/getram/192.168.43.150/18702a182ba329f2e2aa94e50d026eae HTTP/1.1" 200 32
192.168.43.51 - - [13/May/2015:15:20:46 +0700] "GET /cit/getcpu/192.168.43.150/18702a182ba329f2e2aa94e50d026eae HTTP/1.1" 200 4
192.168.43.51 - - [13/May/2015:15:20:48 +0700] "GET /cit/getram/192.168.43.150/18702a182ba329f2e2aa94e50d026eae HTTP/1.1" 200 32
192.168.43.51 - - [13/May/2015:15:20:49 +0700] "GET /cit/getcpu/192.168.43.150/18702a182ba329f2e2aa94e50d026eae HTTP/1.1" 200 4
0:0:0:0:0:0:0:1 - - [13/May/2015:15:20:50 +0700] "GET /cit/checkstatus/192.168.0.17/ce11055235ad0d44b6c77c37147d24bc HTTP/1.1" 200 -
192.168.43.51 - - [13/May/2015:15:20:50 +0700] "GET /cit/getram/192.168.43.150/18702a182ba329f2e2aa94e50d026eae HTTP/1.1" 200 32
192.168.43.51 - - [13/May/2015:15:20:51 +0700] "GET /cit/getcpu/192.168.43.150/18702a182ba329f2e2aa94e50d026eae HTTP/1.1" 200 4
192.168.43.51 - - [13/May/2015:15:20:52 +0700] "GET /cit/getram/192.168.43.150/18702a182ba329f2e2aa94e50d026eae HTTP/1.1" 200 32
192.168.43.51 - - [13/May/2015:15:20:53 +0700] "GET /cit/getcpu/192.168.43.150/18702a182ba329f2e2aa94e50d026eae HTTP/1.1" 200 4
192.168.43.51 - - [13/May/2015:15:20:54 +0700] "GET /cit/getram/192.168.43.150/18702a182ba329f2e2aa94e50d026eae HTTP/1.1" 200 32
192.168.43.51 - - [13/May/2015:15:20:55 +0700] "GET /cit/getcpu/192.168.43.150/18702a182ba329f2e2aa94e50d026eae HTTP/1.1" 200 4
192.168.43.51 - - [13/May/2015:15:20:56 +0700] "GET /cit/getram/192.168.43.150/18702a182ba329f2e2aa94e50d026eae HTTP/1.1" 200 32
192.168.43.51 - - [13/May/2015:15:20:58 +0700] "GET /cit/getcpu/192.168.43.150/18702a182ba329f2e2aa94e50d026eae HTTP/1.1" 200 4
192.168.43.51 - - [13/May/2015:15:20:59 +0700] "GET /cit/getram/192.168.43.150/18702a182ba329f2e2aa94e50d026eae HTTP/1.1" 200 32
192.168.43.51 - - [13/May/2015:15:21:00 +0700] "GET /cit/getcpu/192.168.43.150/18702a182ba329f2e2aa94e50d026eae HTTP/1.1" 200 4
192.168.43.51 - - [13/May/2015:15:21:01 +0700] "GET /cit/getram/192.168.43.150/18702a182ba329f2e2aa94e50d026eae HTTP/1.1" 200 32
192.168.43.51 - - [13/May/2015:15:21:02 +0700] "GET /cit/getcpu/192.168.43.150/18702a182ba329f2e2aa94e50d026eae HTTP/1.1" 200 4
192.168.43.51 - - [13/May/2015:15:21:03 +0700] "GET /cit/getram/192.168.43.150/18702a182ba329f2e2aa94e50d026eae HTTP/1.1" 200 32
192.168.43.51 - - [13/May/2015:15:21:04 +0700] "GET /cit/getcpu/192.168.43.150/18702a182ba329f2e2aa94e50d026eae HTTP/1.1" 200 4
0:0:0:0:0:0:0:1 - - [13/May/2015:15:21:05 +0700] "GET /cit/checkstatus/192.168.0.17/ce11055235ad0d44b6c77c37147d24bc HTTP/1.1" 200 -
192.168.43.51 - - [13/May/2015:15:21:05 +0700] "GET /cit/getram/192.168.43.150/18702a182ba329f2e2aa94e50d026eae HTTP/1.1" 200 32
192.168.43.51 - - [13/May/2015:15:21:06 +0700] "GET /cit/getcpu/192.168.43.150/18702a182ba329f2e2aa94e50d026eae HTTP/1.1" 200 4
192.168.43.51 - - [13/May/2015:15:21:07 +0700] "GET /cit/getram/192.168.43.150/18702a182ba329f2e2aa94e50d026eae HTTP/1.1" 200 32
192.168.43.51 - - [13/May/2015:15:21:09 +0700] "GET /cit/getcpu/192.168.43.150/18702a182ba329f2e2aa94e50d026eae HTTP/1.1" 200 4
192.168.43.51 - - [13/May/2015:15:21:10 +0700] "GET /cit/getram/192.168.43.150/18702a182ba329f2e2aa94e50d026eae HTTP/1.1" 200 32
192.168.43.51 - - [13/May/2015:15:21:11 +0700] "GET /cit/getcpu/192.168.43.150/18702a182ba329f2e2aa94e50d026eae HTTP/1.1" 200 4
192.168.43.51 - - [13/May/2015:15:21:12 +0700] "GET /cit/getram/192.168.43.150/18702a182ba329f2e2aa94e50d026eae HTTP/1.1" 200 32
192.168.43.51 - - [13/May/2015:15:21:13 +0700] "GET /cit/getcpu/192.168.43.150/18702a182ba329f2e2aa94e50d026eae HTTP/1.1" 200 4
192.168.43.51 - - [13/May/2015:15:21:14 +0700] "GET /cit/getram/192.168.43.150/18702a182ba329f2e2aa94e50d026eae HTTP/1.1" 200 32
192.168.43.51 - - [13/May/2015:15:21:15 +0700] "GET /cit/getcpu/192.168.43.150/18702a182ba329f2e2aa94e50d026eae HTTP/1.1" 200 4
192.168.43.51 - - [13/May/2015:15:21:16 +0700] "GET /cit/getram/192.168.43.150/18702a182ba329f2e2aa94e50d026eae HTTP/1.1" 200 32
192.168.43.51 - - [13/May/2015:15:21:18 +0700] "GET /cit/getcpu/192.168.43.150/18702a182ba329f2e2aa94e50d026eae HTTP/1.1" 200 4
192.168.43.51 - - [13/May/2015:15:21:19 +0700] "GET /cit/getram/192.168.43.150/18702a182ba329f2e2aa94e50d026eae HTTP/1.1" 200 32
0:0:0:0:0:0:0:1 - - [13/May/2015:15:21:20 +0700] "GET /cit/checkstatus/192.168.0.17/ce11055235ad0d44b6c77c37147d24bc HTTP/1.1" 200 -
192.168.43.51 - - [13/May/2015:15:21:20 +0700] "GET /cit/getcpu/192.168.43.150/18702a182ba329f2e2aa94e50d026eae HTTP/1.1" 200 4
192.168.43.51 - - [13/May/2015:15:21:21 +0700] "GET /cit/getram/192.168.43.150/18702a182ba329f2e2aa94e50d026eae HTTP/1.1" 200 32
192.168.43.51 - - [13/May/2015:15:21:22 +0700] "GET /cit/getcpu/192.168.43.150/18702a182ba329f2e2aa94e50d026eae HTTP/1.1" 200 4
192.168.43.51 - - [13/May/2015:15:21:23 +0700] "GET /cit/getram/192.168.43.150/18702a182ba329f2e2aa94e50d026eae HTTP/1.1" 200 32
192.168.43.51 - - [13/May/2015:15:21:24 +0700] "GET /cit/getcpu/192.168.43.150/18702a182ba329f2e2aa94e50d026eae HTTP/1.1" 200 4
192.168.43.51 - - [13/May/2015:15:21:25 +0700] "GET /cit/getram/192.168.43.150/18702a182ba329f2e2aa94e50d026eae HTTP/1.1" 200 32
192.168.43.51 - - [13/May/2015:15:21:26 +0700] "GET /cit/getcpu/192.168.43.150/18702a182ba329f2e2aa94e50d026eae HTTP/1.1" 200 4
192.168.43.51 - - [13/May/2015:15:21:27 +0700] "GET /cit/getram/192.168.43.150/18702a182ba329f2e2aa94e50d026eae HTTP/1.1" 200 32
192.168.43.51 - - [13/May/2015:15:21:29 +0700] "GET /cit/getcpu/192.168.43.150/18702a182ba329f2e2aa94e50d026eae HTTP/1.1" 200 4
192.168.43.51 - - [13/May/2015:15:21:30 +0700] "GET /cit/getram/192.168.43.150/18702a182ba329f2e2aa94e50d026eae HTTP/1.1" 200 32
192.168.43.51 - - [13/May/2015:15:21:31 +0700] "GET /cit/getcpu/192.168.43.150/18702a182ba329f2e2aa94e50d026eae HTTP/1.1" 200 4
192.168.43.51 - - [13/May/2015:15:21:32 +0700] "GET /cit/getram/192.168.43.150/18702a182ba329f2e2aa94e50d026eae HTTP/1.1" 200 32
192.168.43.51 - - [13/May/2015:15:21:33 +0700] "GET /cit/getcpu/192.168.43.150/18702a182ba329f2e2aa94e50d026eae HTTP/1.1" 200 4
192.168.43.51 - - [13/May/2015:15:21:34 +0700] "GET /cit/getram/192.168.43.150/18702a182ba329f2e2aa94e50d026eae HTTP/1.1" 200 32
0:0:0:0:0:0:0:1 - - [13/May/2015:15:21:35 +0700] "GET /cit/checkstatus/192.168.0.17/ce11055235ad0d44b6c77c37147d24bc HTTP/1.1" 200 -
192.168.43.51 - - [13/May/2015:15:21:35 +0700] "GET /cit/getcpu/192.168.43.150/18702a182ba329f2e2aa94e50d026eae HTTP/1.1" 200 4
192.168.43.51 - - [13/May/2015:15:21:36 +0700] "GET /cit/getram/192.168.43.150/18702a182ba329f2e2aa94e50d026eae HTTP/1.1" 200 32
192.168.43.51 - - [13/May/2015:15:21:37 +0700] "GET /cit/getcpu/192.168.43.150/18702a182ba329f2e2aa94e50d026eae HTTP/1.1" 200 4
192.168.43.51 - - [13/May/2015:15:21:39 +0700] "GET /cit/getram/192.168.43.150/18702a182ba329f2e2aa94e50d026eae HTTP/1.1" 200 32
192.168.43.51 - - [13/May/2015:15:21:40 +0700] "GET /cit/getcpu/192.168.43.150/18702a182ba329f2e2aa94e50d026eae HTTP/1.1" 200 4
192.168.43.51 - - [13/May/2015:15:21:41 +0700] "GET /cit/getram/192.168.43.150/18702a182ba329f2e2aa94e50d026eae HTTP/1.1" 200 32
192.168.43.51 - - [13/May/2015:15:21:42 +0700] "GET /cit/getcpu/192.168.43.150/18702a182ba329f2e2aa94e50d026eae HTTP/1.1" 200 4
192.168.43.51 - - [13/May/2015:15:21:43 +0700] "GET /cit/getram/192.168.43.150/18702a182ba329f2e2aa94e50d026eae HTTP/1.1" 200 32
192.168.43.51 - - [13/May/2015:15:21:44 +0700] "GET /cit/getcpu/192.168.43.150/18702a182ba329f2e2aa94e50d026eae HTTP/1.1" 200 4
192.168.43.51 - - [13/May/2015:15:21:45 +0700] "GET /cit/getram/192.168.43.150/18702a182ba329f2e2aa94e50d026eae HTTP/1.1" 200 32
192.168.43.51 - - [13/May/2015:15:21:46 +0700] "GET /cit/getcpu/192.168.43.150/18702a182ba329f2e2aa94e50d026eae HTTP/1.1" 200 4
192.168.43.51 - - [13/May/2015:15:21:47 +0700] "GET /cit/getram/192.168.43.150/18702a182ba329f2e2aa94e50d026eae HTTP/1.1" 200 32
192.168.43.51 - - [13/May/2015:15:21:48 +0700] "GET /cit/getcpu/192.168.43.150/18702a182ba329f2e2aa94e50d026eae HTTP/1.1" 200 4
192.168.43.51 - - [13/May/2015:15:21:49 +0700] "GET /cit/getram/192.168.43.150/18702a182ba329f2e2aa94e50d026eae HTTP/1.1" 200 32
0:0:0:0:0:0:0:1 - - [13/May/2015:15:21:50 +0700] "GET /cit/checkstatus/192.168.0.17/ce11055235ad0d44b6c77c37147d24bc HTTP/1.1" 200 -
192.168.43.51 - - [13/May/2015:15:21:51 +0700] "GET /cit/getcpu/192.168.43.150/18702a182ba329f2e2aa94e50d026eae HTTP/1.1" 200 4
192.168.43.51 - - [13/May/2015:15:21:52 +0700] "GET /cit/getram/192.168.43.150/18702a182ba329f2e2aa94e50d026eae HTTP/1.1" 200 32
192.168.43.51 - - [13/May/2015:15:21:53 +0700] "GET /cit/getcpu/192.168.43.150/18702a182ba329f2e2aa94e50d026eae HTTP/1.1" 200 4
192.168.43.51 - - [13/May/2015:15:21:54 +0700] "GET /cit/getram/192.168.43.150/18702a182ba329f2e2aa94e50d026eae HTTP/1.1" 200 32
192.168.43.51 - - [13/May/2015:15:21:55 +0700] "GET /cit/getcpu/192.168.43.150/18702a182ba329f2e2aa94e50d026eae HTTP/1.1" 200 4
192.168.43.51 - - [13/May/2015:15:21:56 +0700] "GET /cit/getram/192.168.43.150/18702a182ba329f2e2aa94e50d026eae HTTP/1.1" 200 32
192.168.43.51 - - [13/May/2015:15:21:57 +0700] "GET /cit/getcpu/192.168.43.150/18702a182ba329f2e2aa94e50d026eae HTTP/1.1" 200 4
192.168.43.51 - - [13/May/2015:15:21:58 +0700] "GET /cit/getram/192.168.43.150/18702a182ba329f2e2aa94e50d026eae HTTP/1.1" 200 32
192.168.43.51 - - [13/May/2015:15:21:59 +0700] "GET /cit/getcpu/192.168.43.150/18702a182ba329f2e2aa94e50d026eae HTTP/1.1" 200 4
192.168.43.51 - - [13/May/2015:15:22:00 +0700] "GET /cit/getram/192.168.43.150/18702a182ba329f2e2aa94e50d026eae HTTP/1.1" 200 32
192.168.43.51 - - [13/May/2015:15:22:02 +0700] "GET /cit/getcpu/192.168.43.150/18702a182ba329f2e2aa94e50d026eae HTTP/1.1" 200 4
192.168.43.51 - - [13/May/2015:15:22:03 +0700] "GET /cit/getram/192.168.43.150/18702a182ba329f2e2aa94e50d026eae HTTP/1.1" 200 32
192.168.43.51 - - [13/May/2015:15:22:04 +0700] "GET /cit/getcpu/192.168.43.150/18702a182ba329f2e2aa94e50d026eae HTTP/1.1" 200 4
0:0:0:0:0:0:0:1 - - [13/May/2015:15:22:05 +0700] "GET /cit/checkstatus/192.168.0.17/ce11055235ad0d44b6c77c37147d24bc HTTP/1.1" 200 -
192.168.43.51 - - [13/May/2015:15:22:05 +0700] "GET /cit/getram/192.168.43.150/18702a182ba329f2e2aa94e50d026eae HTTP/1.1" 200 32
192.168.43.51 - - [13/May/2015:15:22:06 +0700] "GET /cit/getcpu/192.168.43.150/18702a182ba329f2e2aa94e50d026eae HTTP/1.1" 200 4
192.168.43.51 - - [13/May/2015:15:22:07 +0700] "GET /cit/getram/192.168.43.150/18702a182ba329f2e2aa94e50d026eae HTTP/1.1" 200 32
192.168.43.51 - - [13/May/2015:15:22:08 +0700] "GET /cit/getcpu/192.168.43.150/18702a182ba329f2e2aa94e50d026eae HTTP/1.1" 200 4
192.168.43.51 - - [13/May/2015:15:22:09 +0700] "GET /cit/getram/192.168.43.150/18702a182ba329f2e2aa94e50d026eae HTTP/1.1" 200 32
192.168.43.51 - - [13/May/2015:15:22:11 +0700] "GET /cit/getcpu/192.168.43.150/18702a182ba329f2e2aa94e50d026eae HTTP/1.1" 200 4
192.168.43.51 - - [13/May/2015:15:22:12 +0700] "GET /cit/getram/192.168.43.150/18702a182ba329f2e2aa94e50d026eae HTTP/1.1" 200 32
192.168.43.51 - - [13/May/2015:15:22:13 +0700] "GET /cit/getcpu/192.168.43.150/18702a182ba329f2e2aa94e50d026eae HTTP/1.1" 200 4
192.168.43.51 - - [13/May/2015:15:22:14 +0700] "GET /cit/getram/192.168.43.150/18702a182ba329f2e2aa94e50d026eae HTTP/1.1" 200 32
192.168.43.51 - - [13/May/2015:15:22:15 +0700] "GET /cit/getcpu/192.168.43.150/18702a182ba329f2e2aa94e50d026eae HTTP/1.1" 200 4
192.168.43.51 - - [13/May/2015:15:22:16 +0700] "GET /cit/getram/192.168.43.150/18702a182ba329f2e2aa94e50d026eae HTTP/1.1" 200 32
192.168.43.51 - - [13/May/2015:15:22:17 +0700] "GET /cit/getcpu/192.168.43.150/18702a182ba329f2e2aa94e50d026eae HTTP/1.1" 200 4
192.168.43.51 - - [13/May/2015:15:22:18 +0700] "GET /cit/getram/192.168.43.150/18702a182ba329f2e2aa94e50d026eae HTTP/1.1" 200 32
192.168.43.51 - - [13/May/2015:15:22:19 +0700] "GET /cit/getcpu/192.168.43.150/18702a182ba329f2e2aa94e50d026eae HTTP/1.1" 200 4
0:0:0:0:0:0:0:1 - - [13/May/2015:15:22:20 +0700] "GET /cit/checkstatus/192.168.0.17/ce11055235ad0d44b6c77c37147d24bc HTTP/1.1" 200 -
192.168.43.51 - - [13/May/2015:15:22:21 +0700] "GET /cit/getram/192.168.43.150/18702a182ba329f2e2aa94e50d026eae HTTP/1.1" 200 32
192.168.43.51 - - [13/May/2015:15:22:22 +0700] "GET /cit/getcpu/192.168.43.150/18702a182ba329f2e2aa94e50d026eae HTTP/1.1" 200 4
192.168.43.51 - - [13/May/2015:15:22:23 +0700] "GET /cit/getram/192.168.43.150/18702a182ba329f2e2aa94e50d026eae HTTP/1.1" 200 32
192.168.43.51 - - [13/May/2015:15:22:24 +0700] "GET /cit/getcpu/192.168.43.150/18702a182ba329f2e2aa94e50d026eae HTTP/1.1" 200 4
192.168.43.51 - - [13/May/2015:15:22:25 +0700] "GET /cit/getram/192.168.43.150/18702a182ba329f2e2aa94e50d026eae HTTP/1.1" 200 32
192.168.43.51 - - [13/May/2015:15:22:26 +0700] "GET /cit/getcpu/192.168.43.150/18702a182ba329f2e2aa94e50d026eae HTTP/1.1" 200 4
192.168.43.51 - - [13/May/2015:15:22:27 +0700] "GET /cit/getram/192.168.43.150/18702a182ba329f2e2aa94e50d026eae HTTP/1.1" 200 32
192.168.43.51 - - [13/May/2015:15:22:28 +0700] "GET /cit/getcpu/192.168.43.150/18702a182ba329f2e2aa94e50d026eae HTTP/1.1" 200 4
192.168.43.51 - - [13/May/2015:15:22:29 +0700] "GET /cit/getram/192.168.43.150/18702a182ba329f2e2aa94e50d026eae HTTP/1.1" 200 32
192.168.43.51 - - [13/May/2015:15:22:31 +0700] "GET /cit/getcpu/192.168.43.150/18702a182ba329f2e2aa94e50d026eae HTTP/1.1" 200 4
192.168.43.51 - - [13/May/2015:15:22:32 +0700] "GET /cit/getram/192.168.43.150/18702a182ba329f2e2aa94e50d026eae HTTP/1.1" 200 32
192.168.43.51 - - [13/May/2015:15:22:33 +0700] "GET /cit/getcpu/192.168.43.150/18702a182ba329f2e2aa94e50d026eae HTTP/1.1" 200 4
192.168.43.51 - - [13/May/2015:15:22:34 +0700] "GET /cit/getram/192.168.43.150/18702a182ba329f2e2aa94e50d026eae HTTP/1.1" 200 32
0:0:0:0:0:0:0:1 - - [13/May/2015:15:22:35 +0700] "GET /cit/checkstatus/192.168.0.17/ce11055235ad0d44b6c77c37147d24bc HTTP/1.1" 200 -
192.168.43.51 - - [13/May/2015:15:22:35 +0700] "GET /cit/getcpu/192.168.43.150/18702a182ba329f2e2aa94e50d026eae HTTP/1.1" 200 4
192.168.43.51 - - [13/May/2015:15:22:36 +0700] "GET /cit/getram/192.168.43.150/18702a182ba329f2e2aa94e50d026eae HTTP/1.1" 200 32
192.168.43.51 - - [13/May/2015:15:22:37 +0700] "GET /cit/getcpu/192.168.43.150/18702a182ba329f2e2aa94e50d026eae HTTP/1.1" 200 4
192.168.43.51 - - [13/May/2015:15:22:37 +0700] "GET /cit/serviceconfig/user/ubuntu/ubuntu/192.168.43.150/18702a182ba329f2e2aa94e50d026eae HTTP/1.1" 404 1001
192.168.43.51 - - [13/May/2015:15:22:38 +0700] "GET /cit/getram/192.168.43.150/18702a182ba329f2e2aa94e50d026eae HTTP/1.1" 200 32
192.168.43.51 - - [13/May/2015:15:22:39 +0700] "GET /cit/getcpu/192.168.43.150/18702a182ba329f2e2aa94e50d026eae HTTP/1.1" 200 4
192.168.43.51 - - [13/May/2015:15:22:40 +0700] "GET /cit/getram/192.168.43.150/18702a182ba329f2e2aa94e50d026eae HTTP/1.1" 200 32
192.168.43.51 - - [13/May/2015:15:22:41 +0700] "POST /cit/serviceconfig/user/192.168.43.150/18702a182ba329f2e2aa94e50d026eae HTTP/1.1" 302 -
192.168.43.51 - - [13/May/2015:15:22:41 +0700] "GET /cit/services/192.168.43.150/18702a182ba329f2e2aa94e50d026eae HTTP/1.1" 200 23015
192.168.43.51 - - [13/May/2015:15:22:42 +0700] "GET /cit/getcpu/192.168.43.150/18702a182ba329f2e2aa94e50d026eae HTTP/1.1" 200 4
192.168.43.51 - - [13/May/2015:15:22:42 +0700] "GET /cit/getcpu/192.168.43.150/18702a182ba329f2e2aa94e50d026eae HTTP/1.1" 200 4
192.168.43.51 - - [13/May/2015:15:22:43 +0700] "GET /cit/getram/192.168.43.150/18702a182ba329f2e2aa94e50d026eae HTTP/1.1" 200 32
192.168.43.51 - - [13/May/2015:15:22:43 +0700] "GET /cit/getram/192.168.43.150/18702a182ba329f2e2aa94e50d026eae HTTP/1.1" 200 32
192.168.43.51 - - [13/May/2015:15:22:44 +0700] "GET /cit/getcpu/192.168.43.150/18702a182ba329f2e2aa94e50d026eae HTTP/1.1" 200 4
192.168.43.51 - - [13/May/2015:15:22:45 +0700] "GET /cit/getram/192.168.43.150/18702a182ba329f2e2aa94e50d026eae HTTP/1.1" 200 32
192.168.43.51 - - [13/May/2015:15:22:46 +0700] "GET /cit/getcpu/192.168.43.150/18702a182ba329f2e2aa94e50d026eae HTTP/1.1" 200 4
192.168.43.51 - - [13/May/2015:15:22:48 +0700] "GET /cit/getram/192.168.43.150/18702a182ba329f2e2aa94e50d026eae HTTP/1.1" 200 32
192.168.43.51 - - [13/May/2015:15:22:49 +0700] "GET /cit/getcpu/192.168.43.150/18702a182ba329f2e2aa94e50d026eae HTTP/1.1" 200 4
0:0:0:0:0:0:0:1 - - [13/May/2015:15:22:50 +0700] "GET /cit/checkstatus/192.168.0.17/ce11055235ad0d44b6c77c37147d24bc HTTP/1.1" 200 -
192.168.43.51 - - [13/May/2015:15:22:50 +0700] "GET /cit/getram/192.168.43.150/18702a182ba329f2e2aa94e50d026eae HTTP/1.1" 200 32
192.168.43.51 - - [13/May/2015:15:22:51 +0700] "GET /cit/getcpu/192.168.43.150/18702a182ba329f2e2aa94e50d026eae HTTP/1.1" 200 4
192.168.43.51 - - [13/May/2015:15:22:52 +0700] "GET /cit/getram/192.168.43.150/18702a182ba329f2e2aa94e50d026eae HTTP/1.1" 200 32
192.168.43.51 - - [13/May/2015:15:22:53 +0700] "GET /cit/getcpu/192.168.43.150/18702a182ba329f2e2aa94e50d026eae HTTP/1.1" 200 4
192.168.43.51 - - [13/May/2015:15:22:54 +0700] "GET /cit/getram/192.168.43.150/18702a182ba329f2e2aa94e50d026eae HTTP/1.1" 200 32
192.168.43.51 - - [13/May/2015:15:22:55 +0700] "GET /cit/getserverinfo/192.168.43.150/18702a182ba329f2e2aa94e50d026eae HTTP/1.1" 200 523
192.168.43.51 - - [13/May/2015:15:22:55 +0700] "GET /cit/getcpu/192.168.43.150/18702a182ba329f2e2aa94e50d026eae HTTP/1.1" 200 4
192.168.43.51 - - [13/May/2015:15:22:56 +0700] "GET /cit/getram/192.168.43.150/18702a182ba329f2e2aa94e50d026eae HTTP/1.1" 200 32
192.168.43.51 - - [13/May/2015:15:22:57 +0700] "GET /cit/getcpu/192.168.43.150/18702a182ba329f2e2aa94e50d026eae HTTP/1.1" 200 4
192.168.43.51 - - [13/May/2015:15:22:59 +0700] "GET /cit/getram/192.168.43.150/18702a182ba329f2e2aa94e50d026eae HTTP/1.1" 200 32
192.168.43.51 - - [13/May/2015:15:23:00 +0700] "GET /cit/getcpu/192.168.43.150/18702a182ba329f2e2aa94e50d026eae HTTP/1.1" 200 4
192.168.43.51 - - [13/May/2015:15:23:01 +0700] "GET /cit/getram/192.168.43.150/18702a182ba329f2e2aa94e50d026eae HTTP/1.1" 200 32
192.168.43.51 - - [13/May/2015:15:23:02 +0700] "GET /cit/getcpu/192.168.43.150/18702a182ba329f2e2aa94e50d026eae HTTP/1.1" 200 4
192.168.43.51 - - [13/May/2015:15:23:03 +0700] "GET /cit/getram/192.168.43.150/18702a182ba329f2e2aa94e50d026eae HTTP/1.1" 200 32
192.168.43.51 - - [13/May/2015:15:23:04 +0700] "GET /cit/getcpu/192.168.43.150/18702a182ba329f2e2aa94e50d026eae HTTP/1.1" 200 4
0:0:0:0:0:0:0:1 - - [13/May/2015:15:23:05 +0700] "GET /cit/checkstatus/192.168.0.17/ce11055235ad0d44b6c77c37147d24bc HTTP/1.1" 200 -
192.168.43.51 - - [13/May/2015:15:23:05 +0700] "GET /cit/getram/192.168.43.150/18702a182ba329f2e2aa94e50d026eae HTTP/1.1" 200 32
192.168.43.51 - - [13/May/2015:15:23:06 +0700] "GET /cit/getcpu/192.168.43.150/18702a182ba329f2e2aa94e50d026eae HTTP/1.1" 200 4
192.168.43.51 - - [13/May/2015:15:23:07 +0700] "GET /cit/getram/192.168.43.150/18702a182ba329f2e2aa94e50d026eae HTTP/1.1" 200 32
192.168.43.51 - - [13/May/2015:15:23:08 +0700] "GET /cit/getcpu/192.168.43.150/18702a182ba329f2e2aa94e50d026eae HTTP/1.1" 200 4
192.168.43.51 - - [13/May/2015:15:23:10 +0700] "GET /cit/getram/192.168.43.150/18702a182ba329f2e2aa94e50d026eae HTTP/1.1" 200 32
192.168.43.51 - - [13/May/2015:15:23:11 +0700] "GET /cit/getcpu/192.168.43.150/18702a182ba329f2e2aa94e50d026eae HTTP/1.1" 200 4
192.168.43.51 - - [13/May/2015:15:23:12 +0700] "GET /cit/getram/192.168.43.150/18702a182ba329f2e2aa94e50d026eae HTTP/1.1" 200 32
192.168.43.51 - - [13/May/2015:15:23:13 +0700] "GET /cit/getcpu/192.168.43.150/18702a182ba329f2e2aa94e50d026eae HTTP/1.1" 200 4
192.168.43.51 - - [13/May/2015:15:23:14 +0700] "GET /cit/getram/192.168.43.150/18702a182ba329f2e2aa94e50d026eae HTTP/1.1" 200 32
192.168.43.51 - - [13/May/2015:15:23:15 +0700] "GET /cit/getcpu/192.168.43.150/18702a182ba329f2e2aa94e50d026eae HTTP/1.1" 200 4
192.168.43.51 - - [13/May/2015:15:23:16 +0700] "GET /cit/getram/192.168.43.150/18702a182ba329f2e2aa94e50d026eae HTTP/1.1" 200 32
192.168.43.51 - - [13/May/2015:15:23:17 +0700] "GET /cit/getcpu/192.168.43.150/18702a182ba329f2e2aa94e50d026eae HTTP/1.1" 200 4
192.168.43.51 - - [13/May/2015:15:23:18 +0700] "GET /cit/getram/192.168.43.150/18702a182ba329f2e2aa94e50d026eae HTTP/1.1" 200 32
0:0:0:0:0:0:0:1 - - [13/May/2015:15:23:20 +0700] "GET /cit/checkstatus/192.168.0.17/ce11055235ad0d44b6c77c37147d24bc HTTP/1.1" 200 -
192.168.43.51 - - [13/May/2015:15:23:20 +0700] "GET /cit/getcpu/192.168.43.150/18702a182ba329f2e2aa94e50d026eae HTTP/1.1" 200 4
192.168.43.51 - - [13/May/2015:15:23:21 +0700] "GET /cit/getram/192.168.43.150/18702a182ba329f2e2aa94e50d026eae HTTP/1.1" 200 32
192.168.43.51 - - [13/May/2015:15:23:22 +0700] "GET /cit/getcpu/192.168.43.150/18702a182ba329f2e2aa94e50d026eae HTTP/1.1" 200 4
192.168.43.51 - - [13/May/2015:15:23:23 +0700] "GET /cit/getram/192.168.43.150/18702a182ba329f2e2aa94e50d026eae HTTP/1.1" 200 32
192.168.43.51 - - [13/May/2015:15:23:24 +0700] "GET /cit/getcpu/192.168.43.150/18702a182ba329f2e2aa94e50d026eae HTTP/1.1" 200 4
192.168.43.51 - - [13/May/2015:15:23:25 +0700] "GET /cit/getram/192.168.43.150/18702a182ba329f2e2aa94e50d026eae HTTP/1.1" 200 32
192.168.43.51 - - [13/May/2015:15:23:26 +0700] "GET /cit/getcpu/192.168.43.150/18702a182ba329f2e2aa94e50d026eae HTTP/1.1" 200 4
192.168.43.51 - - [13/May/2015:15:23:27 +0700] "GET /cit/getram/192.168.43.150/18702a182ba329f2e2aa94e50d026eae HTTP/1.1" 200 32
192.168.43.51 - - [13/May/2015:15:23:28 +0700] "GET /cit/getcpu/192.168.43.150/18702a182ba329f2e2aa94e50d026eae HTTP/1.1" 200 4
192.168.43.51 - - [13/May/2015:15:23:30 +0700] "GET /cit/getram/192.168.43.150/18702a182ba329f2e2aa94e50d026eae HTTP/1.1" 200 32
