192.168.43.51 - - [13/May/2015:15:23:31 +0700] "GET /cit/getcpu/192.168.43.150/18702a182ba329f2e2aa94e50d026eae HTTP/1.1" 200 4
192.168.43.51 - - [13/May/2015:15:23:32 +0700] "GET /cit/getram/192.168.43.150/18702a182ba329f2e2aa94e50d026eae HTTP/1.1" 200 32
192.168.43.51 - - [13/May/2015:15:23:33 +0700] "GET /cit/getcpu/192.168.43.150/18702a182ba329f2e2aa94e50d026eae HTTP/1.1" 200 4
192.168.43.51 - - [13/May/2015:15:23:34 +0700] "GET /cit/getram/192.168.43.150/18702a182ba329f2e2aa94e50d026eae HTTP/1.1" 200 32
0:0:0:0:0:0:0:1 - - [13/May/2015:15:23:35 +0700] "GET /cit/checkstatus/192.168.0.17/ce11055235ad0d44b6c77c37147d24bc HTTP/1.1" 200 -
192.168.43.51 - - [13/May/2015:15:23:35 +0700] "GET /cit/getcpu/192.168.43.150/18702a182ba329f2e2aa94e50d026eae HTTP/1.1" 200 4
192.168.43.51 - - [13/May/2015:15:23:36 +0700] "GET /cit/getram/192.168.43.150/18702a182ba329f2e2aa94e50d026eae HTTP/1.1" 200 32
192.168.43.51 - - [13/May/2015:15:23:37 +0700] "GET /cit/getcpu/192.168.43.150/18702a182ba329f2e2aa94e50d026eae HTTP/1.1" 200 4
192.168.43.51 - - [13/May/2015:15:23:38 +0700] "GET /cit/getram/192.168.43.150/18702a182ba329f2e2aa94e50d026eae HTTP/1.1" 200 32
192.168.43.51 - - [13/May/2015:15:23:40 +0700] "GET /cit/getcpu/192.168.43.150/18702a182ba329f2e2aa94e50d026eae HTTP/1.1" 200 4
192.168.43.51 - - [13/May/2015:15:23:41 +0700] "GET /cit/getram/192.168.43.150/18702a182ba329f2e2aa94e50d026eae HTTP/1.1" 200 32
192.168.43.51 - - [13/May/2015:15:23:42 +0700] "GET /cit/getcpu/192.168.43.150/18702a182ba329f2e2aa94e50d026eae HTTP/1.1" 200 4
192.168.43.51 - - [13/May/2015:15:23:42 +0700] "GET /cit/serviceconfig/dhcp/192.168.43.150/18702a182ba329f2e2aa94e50d026eae HTTP/1.1" 200 14192
192.168.43.51 - - [13/May/2015:15:23:43 +0700] "GET /cit/getram/192.168.43.150/18702a182ba329f2e2aa94e50d026eae HTTP/1.1" 200 32
0:0:0:0:0:0:0:1 - - [13/May/2015:15:23:50 +0700] "GET /cit/checkstatus/192.168.0.17/ce11055235ad0d44b6c77c37147d24bc HTTP/1.1" 200 -
0:0:0:0:0:0:0:1 - - [13/May/2015:15:24:05 +0700] "GET /cit/checkstatus/192.168.0.17/ce11055235ad0d44b6c77c37147d24bc HTTP/1.1" 200 -
0:0:0:0:0:0:0:1 - - [13/May/2015:15:24:20 +0700] "GET /cit/checkstatus/192.168.0.17/ce11055235ad0d44b6c77c37147d24bc HTTP/1.1" 200 -
0:0:0:0:0:0:0:1 - - [13/May/2015:15:24:35 +0700] "GET /cit/checkstatus/192.168.0.17/ce11055235ad0d44b6c77c37147d24bc HTTP/1.1" 200 -
0:0:0:0:0:0:0:1 - - [13/May/2015:15:24:50 +0700] "GET /cit/checkstatus/192.168.0.17/ce11055235ad0d44b6c77c37147d24bc HTTP/1.1" 200 -
0:0:0:0:0:0:0:1 - - [13/May/2015:15:25:05 +0700] "GET /cit/checkstatus/192.168.0.17/ce11055235ad0d44b6c77c37147d24bc HTTP/1.1" 200 -
192.168.43.51 - - [13/May/2015:15:25:08 +0700] "GET /cit/ HTTP/1.1" 200 14997
0:0:0:0:0:0:0:1 - - [13/May/2015:15:25:20 +0700] "GET /cit/checkstatus/192.168.0.17/ce11055235ad0d44b6c77c37147d24bc HTTP/1.1" 200 -
192.168.43.51 - - [13/May/2015:15:25:34 +0700] "GET /cit/checkstatus/192.168.43.150/18702a182ba329f2e2aa94e50d026eae HTTP/1.1" 200 4
0:0:0:0:0:0:0:1 - - [13/May/2015:15:25:35 +0700] "GET /cit/checkstatus/192.168.0.17/ce11055235ad0d44b6c77c37147d24bc HTTP/1.1" 200 -
192.168.43.51 - - [13/May/2015:15:25:45 +0700] "GET /cit/checkstatus/192.168.0.17/18702a182ba329f2e2aa94e50d026eae HTTP/1.1" 200 5
192.168.43.51 - - [13/May/2015:15:25:49 +0700] "GET /cit/checkstatus/192.168.43.150/18702a182ba329f2e2aa94e50d026eae HTTP/1.1" 200 4
0:0:0:0:0:0:0:1 - - [13/May/2015:15:25:50 +0700] "GET /cit/checkstatus/192.168.0.17/ce11055235ad0d44b6c77c37147d24bc HTTP/1.1" 200 -
192.168.43.51 - - [13/May/2015:15:26:00 +0700] "GET /cit/checkstatus/192.168.0.17/18702a182ba329f2e2aa94e50d026eae HTTP/1.1" 200 5
192.168.43.51 - - [13/May/2015:15:26:04 +0700] "GET /cit/checkstatus/192.168.43.150/18702a182ba329f2e2aa94e50d026eae HTTP/1.1" 200 4
0:0:0:0:0:0:0:1 - - [13/May/2015:15:26:05 +0700] "GET /cit/checkstatus/192.168.0.17/ce11055235ad0d44b6c77c37147d24bc HTTP/1.1" 200 -
192.168.43.51 - - [13/May/2015:15:26:15 +0700] "GET /cit/checkstatus/192.168.0.17/18702a182ba329f2e2aa94e50d026eae HTTP/1.1" 200 5
192.168.43.51 - - [13/May/2015:15:26:19 +0700] "GET /cit/checkstatus/192.168.43.150/18702a182ba329f2e2aa94e50d026eae HTTP/1.1" 200 4
0:0:0:0:0:0:0:1 - - [13/May/2015:15:26:20 +0700] "GET /cit/checkstatus/192.168.0.17/ce11055235ad0d44b6c77c37147d24bc HTTP/1.1" 200 -
192.168.43.51 - - [13/May/2015:15:26:26 +0700] "GET /cit/ HTTP/1.1" 200 14997
192.168.43.51 - - [13/May/2015:15:26:30 +0700] "GET /cit/checkstatus/192.168.0.17/18702a182ba329f2e2aa94e50d026eae HTTP/1.1" 200 5
0:0:0:0:0:0:0:1 - - [13/May/2015:15:26:35 +0700] "GET /cit/checkstatus/192.168.0.17/ce11055235ad0d44b6c77c37147d24bc HTTP/1.1" 200 -
192.168.43.51 - - [13/May/2015:15:26:45 +0700] "GET /cit/checkstatus/192.168.0.17/18702a182ba329f2e2aa94e50d026eae HTTP/1.1" 200 5
0:0:0:0:0:0:0:1 - - [13/May/2015:15:26:50 +0700] "GET /cit/checkstatus/192.168.0.17/ce11055235ad0d44b6c77c37147d24bc HTTP/1.1" 200 -
192.168.43.51 - - [13/May/2015:15:26:51 +0700] "GET /cit/checkstatus/192.168.43.150/18702a182ba329f2e2aa94e50d026eae HTTP/1.1" 200 4
192.168.43.51 - - [13/May/2015:15:27:02 +0700] "GET /cit/checkstatus/192.168.0.17/18702a182ba329f2e2aa94e50d026eae HTTP/1.1" 200 5
0:0:0:0:0:0:0:1 - - [13/May/2015:15:27:05 +0700] "GET /cit/checkstatus/192.168.0.17/ce11055235ad0d44b6c77c37147d24bc HTTP/1.1" 200 -
192.168.43.51 - - [13/May/2015:15:27:06 +0700] "GET /cit/checkstatus/192.168.43.150/18702a182ba329f2e2aa94e50d026eae HTTP/1.1" 200 4
192.168.43.51 - - [13/May/2015:15:27:17 +0700] "GET /cit/checkstatus/192.168.0.17/18702a182ba329f2e2aa94e50d026eae HTTP/1.1" 200 5
0:0:0:0:0:0:0:1 - - [13/May/2015:15:27:20 +0700] "GET /cit/checkstatus/192.168.0.17/ce11055235ad0d44b6c77c37147d24bc HTTP/1.1" 200 -
192.168.43.51 - - [13/May/2015:15:27:21 +0700] "GET /cit/checkstatus/192.168.43.150/18702a182ba329f2e2aa94e50d026eae HTTP/1.1" 200 4
192.168.43.51 - - [13/May/2015:15:27:32 +0700] "GET /cit/checkstatus/192.168.0.17/18702a182ba329f2e2aa94e50d026eae HTTP/1.1" 200 5
0:0:0:0:0:0:0:1 - - [13/May/2015:15:27:35 +0700] "GET /cit/checkstatus/192.168.0.17/ce11055235ad0d44b6c77c37147d24bc HTTP/1.1" 200 -
192.168.43.51 - - [13/May/2015:15:27:36 +0700] "GET /cit/checkstatus/192.168.43.150/18702a182ba329f2e2aa94e50d026eae HTTP/1.1" 200 4
192.168.43.51 - - [13/May/2015:15:27:36 +0700] "GET /cit/services/192.168.43.150/18702a182ba329f2e2aa94e50d026eae HTTP/1.1" 200 20009
192.168.43.51 - - [13/May/2015:15:27:38 +0700] "GET /cit/getcpu/192.168.43.150/18702a182ba329f2e2aa94e50d026eae HTTP/1.1" 200 4
192.168.43.51 - - [13/May/2015:15:27:39 +0700] "GET /cit/getram/192.168.43.150/18702a182ba329f2e2aa94e50d026eae HTTP/1.1" 200 32
192.168.43.51 - - [13/May/2015:15:27:40 +0700] "GET /cit/getcpu/192.168.43.150/18702a182ba329f2e2aa94e50d026eae HTTP/1.1" 200 4
192.168.43.51 - - [13/May/2015:15:27:41 +0700] "GET /cit/getram/192.168.43.150/18702a182ba329f2e2aa94e50d026eae HTTP/1.1" 200 32
192.168.43.51 - - [13/May/2015:15:27:42 +0700] "GET /cit/getcpu/192.168.43.150/18702a182ba329f2e2aa94e50d026eae HTTP/1.1" 200 4
192.168.43.51 - - [13/May/2015:15:27:43 +0700] "GET /cit/getram/192.168.43.150/18702a182ba329f2e2aa94e50d026eae HTTP/1.1" 200 32
192.168.43.51 - - [13/May/2015:15:27:44 +0700] "GET /cit/getcpu/192.168.43.150/18702a182ba329f2e2aa94e50d026eae HTTP/1.1" 200 4
192.168.43.51 - - [13/May/2015:15:27:45 +0700] "GET /cit/getram/192.168.43.150/18702a182ba329f2e2aa94e50d026eae HTTP/1.1" 200 32
192.168.43.51 - - [13/May/2015:15:27:47 +0700] "GET /cit/getcpu/192.168.43.150/18702a182ba329f2e2aa94e50d026eae HTTP/1.1" 200 4
192.168.43.51 - - [13/May/2015:15:27:47 +0700] "GET /cit/checkstatus/192.168.0.17/18702a182ba329f2e2aa94e50d026eae HTTP/1.1" 200 5
192.168.43.51 - - [13/May/2015:15:27:48 +0700] "GET /cit/getram/192.168.43.150/18702a182ba329f2e2aa94e50d026eae HTTP/1.1" 200 32
192.168.43.51 - - [13/May/2015:15:27:49 +0700] "GET /cit/getcpu/192.168.43.150/18702a182ba329f2e2aa94e50d026eae HTTP/1.1" 200 4
0:0:0:0:0:0:0:1 - - [13/May/2015:15:27:50 +0700] "GET /cit/checkstatus/192.168.0.17/ce11055235ad0d44b6c77c37147d24bc HTTP/1.1" 200 -
192.168.43.51 - - [13/May/2015:15:27:50 +0700] "GET /cit/getram/192.168.43.150/18702a182ba329f2e2aa94e50d026eae HTTP/1.1" 200 32
192.168.43.51 - - [13/May/2015:15:27:50 +0700] "GET /cit/serviceconfig/user/ubuntu/ubuntu/192.168.43.150/18702a182ba329f2e2aa94e50d026eae HTTP/1.1" 404 1001
192.168.43.51 - - [13/May/2015:15:27:51 +0700] "GET /cit/getcpu/192.168.43.150/18702a182ba329f2e2aa94e50d026eae HTTP/1.1" 200 4
192.168.43.51 - - [13/May/2015:15:27:51 +0700] "GET /cit/getserverinfo/192.168.43.150/18702a182ba329f2e2aa94e50d026eae HTTP/1.1" 200 523
192.168.43.51 - - [13/May/2015:15:27:52 +0700] "GET /cit/getram/192.168.43.150/18702a182ba329f2e2aa94e50d026eae HTTP/1.1" 200 32
192.168.43.51 - - [13/May/2015:15:27:53 +0700] "GET /cit/getcpu/192.168.43.150/18702a182ba329f2e2aa94e50d026eae HTTP/1.1" 200 4
192.168.43.51 - - [13/May/2015:15:27:53 +0700] "POST /cit/serviceconfig/user/192.168.43.150/18702a182ba329f2e2aa94e50d026eae HTTP/1.1" 302 -
192.168.43.51 - - [13/May/2015:15:27:54 +0700] "GET /cit/services/192.168.43.150/18702a182ba329f2e2aa94e50d026eae HTTP/1.1" 200 23015
192.168.43.51 - - [13/May/2015:15:27:54 +0700] "GET /cit/getram/192.168.43.150/18702a182ba329f2e2aa94e50d026eae HTTP/1.1" 200 32
192.168.43.51 - - [13/May/2015:15:27:55 +0700] "GET /cit/getcpu/192.168.43.150/18702a182ba329f2e2aa94e50d026eae HTTP/1.1" 200 4
192.168.43.51 - - [13/May/2015:15:27:56 +0700] "GET /cit/getram/192.168.43.150/18702a182ba329f2e2aa94e50d026eae HTTP/1.1" 200 32
192.168.43.51 - - [13/May/2015:15:27:57 +0700] "GET /cit/getcpu/192.168.43.150/18702a182ba329f2e2aa94e50d026eae HTTP/1.1" 200 4
192.168.43.51 - - [13/May/2015:15:27:58 +0700] "GET /cit/getram/192.168.43.150/18702a182ba329f2e2aa94e50d026eae HTTP/1.1" 200 32
192.168.43.51 - - [13/May/2015:15:27:59 +0700] "GET /cit/getcpu/192.168.43.150/18702a182ba329f2e2aa94e50d026eae HTTP/1.1" 200 4
192.168.43.51 - - [13/May/2015:15:28:00 +0700] "GET /cit/getram/192.168.43.150/18702a182ba329f2e2aa94e50d026eae HTTP/1.1" 200 32
192.168.43.51 - - [13/May/2015:15:28:01 +0700] "GET /cit/getcpu/192.168.43.150/18702a182ba329f2e2aa94e50d026eae HTTP/1.1" 200 4
192.168.43.51 - - [13/May/2015:15:28:03 +0700] "GET /cit/getram/192.168.43.150/18702a182ba329f2e2aa94e50d026eae HTTP/1.1" 200 32
192.168.43.51 - - [13/May/2015:15:28:04 +0700] "GET /cit/getcpu/192.168.43.150/18702a182ba329f2e2aa94e50d026eae HTTP/1.1" 200 4
0:0:0:0:0:0:0:1 - - [13/May/2015:15:28:05 +0700] "GET /cit/checkstatus/192.168.0.17/ce11055235ad0d44b6c77c37147d24bc HTTP/1.1" 200 -
192.168.43.51 - - [13/May/2015:15:28:05 +0700] "GET /cit/getram/192.168.43.150/18702a182ba329f2e2aa94e50d026eae HTTP/1.1" 200 32
192.168.43.51 - - [13/May/2015:15:28:06 +0700] "GET /cit/getcpu/192.168.43.150/18702a182ba329f2e2aa94e50d026eae HTTP/1.1" 200 4
192.168.43.51 - - [13/May/2015:15:28:07 +0700] "GET /cit/getram/192.168.43.150/18702a182ba329f2e2aa94e50d026eae HTTP/1.1" 200 32
192.168.43.51 - - [13/May/2015:15:28:08 +0700] "GET /cit/getserverinfo/192.168.43.150/18702a182ba329f2e2aa94e50d026eae HTTP/1.1" 200 523
192.168.43.51 - - [13/May/2015:15:28:08 +0700] "GET /cit/getcpu/192.168.43.150/18702a182ba329f2e2aa94e50d026eae HTTP/1.1" 200 4
192.168.43.51 - - [13/May/2015:15:28:09 +0700] "GET /cit/getram/192.168.43.150/18702a182ba329f2e2aa94e50d026eae HTTP/1.1" 200 32
192.168.43.51 - - [13/May/2015:15:28:10 +0700] "GET /cit/getcpu/192.168.43.150/18702a182ba329f2e2aa94e50d026eae HTTP/1.1" 200 4
192.168.43.51 - - [13/May/2015:15:28:11 +0700] "GET /cit/getram/192.168.43.150/18702a182ba329f2e2aa94e50d026eae HTTP/1.1" 200 32
192.168.43.51 - - [13/May/2015:15:28:13 +0700] "GET /cit/getcpu/192.168.43.150/18702a182ba329f2e2aa94e50d026eae HTTP/1.1" 200 4
192.168.43.51 - - [13/May/2015:15:28:14 +0700] "GET /cit/getram/192.168.43.150/18702a182ba329f2e2aa94e50d026eae HTTP/1.1" 200 32
192.168.43.51 - - [13/May/2015:15:28:15 +0700] "GET /cit/getcpu/192.168.43.150/18702a182ba329f2e2aa94e50d026eae HTTP/1.1" 200 4
192.168.43.51 - - [13/May/2015:15:28:16 +0700] "GET /cit/getram/192.168.43.150/18702a182ba329f2e2aa94e50d026eae HTTP/1.1" 200 32
192.168.43.51 - - [13/May/2015:15:28:17 +0700] "GET /cit/getcpu/192.168.43.150/18702a182ba329f2e2aa94e50d026eae HTTP/1.1" 200 4
192.168.43.51 - - [13/May/2015:15:28:18 +0700] "GET /cit/getram/192.168.43.150/18702a182ba329f2e2aa94e50d026eae HTTP/1.1" 200 32
192.168.43.51 - - [13/May/2015:15:28:19 +0700] "GET /cit/getcpu/192.168.43.150/18702a182ba329f2e2aa94e50d026eae HTTP/1.1" 200 4
0:0:0:0:0:0:0:1 - - [13/May/2015:15:28:20 +0700] "GET /cit/checkstatus/192.168.0.17/ce11055235ad0d44b6c77c37147d24bc HTTP/1.1" 200 -
192.168.43.51 - - [13/May/2015:15:28:20 +0700] "GET /cit/getram/192.168.43.150/18702a182ba329f2e2aa94e50d026eae HTTP/1.1" 200 32
192.168.43.51 - - [13/May/2015:15:28:21 +0700] "GET /cit/getcpu/192.168.43.150/18702a182ba329f2e2aa94e50d026eae HTTP/1.1" 200 4
192.168.43.51 - - [13/May/2015:15:28:22 +0700] "GET /cit/getram/192.168.43.150/18702a182ba329f2e2aa94e50d026eae HTTP/1.1" 200 32
192.168.43.51 - - [13/May/2015:15:28:24 +0700] "GET /cit/getcpu/192.168.43.150/18702a182ba329f2e2aa94e50d026eae HTTP/1.1" 200 4
192.168.43.51 - - [13/May/2015:15:28:25 +0700] "GET /cit/getram/192.168.43.150/18702a182ba329f2e2aa94e50d026eae HTTP/1.1" 200 32
192.168.43.51 - - [13/May/2015:15:28:26 +0700] "GET /cit/getcpu/192.168.43.150/18702a182ba329f2e2aa94e50d026eae HTTP/1.1" 200 4
192.168.43.51 - - [13/May/2015:15:28:27 +0700] "GET /cit/getram/192.168.43.150/18702a182ba329f2e2aa94e50d026eae HTTP/1.1" 200 32
192.168.43.51 - - [13/May/2015:15:28:28 +0700] "GET /cit/getcpu/192.168.43.150/18702a182ba329f2e2aa94e50d026eae HTTP/1.1" 200 4
192.168.43.51 - - [13/May/2015:15:28:29 +0700] "GET /cit/getram/192.168.43.150/18702a182ba329f2e2aa94e50d026eae HTTP/1.1" 200 32
192.168.43.51 - - [13/May/2015:15:28:30 +0700] "GET /cit/getcpu/192.168.43.150/18702a182ba329f2e2aa94e50d026eae HTTP/1.1" 200 4
192.168.43.51 - - [13/May/2015:15:28:31 +0700] "GET /cit/getram/192.168.43.150/18702a182ba329f2e2aa94e50d026eae HTTP/1.1" 200 32
192.168.43.51 - - [13/May/2015:15:28:32 +0700] "GET /cit/getcpu/192.168.43.150/18702a182ba329f2e2aa94e50d026eae HTTP/1.1" 200 4
192.168.43.51 - - [13/May/2015:15:28:33 +0700] "GET /cit/getram/192.168.43.150/18702a182ba329f2e2aa94e50d026eae HTTP/1.1" 200 32
192.168.43.51 - - [13/May/2015:15:28:35 +0700] "GET /cit/getcpu/192.168.43.150/18702a182ba329f2e2aa94e50d026eae HTTP/1.1" 200 4
0:0:0:0:0:0:0:1 - - [13/May/2015:15:28:35 +0700] "GET /cit/checkstatus/192.168.0.17/ce11055235ad0d44b6c77c37147d24bc HTTP/1.1" 200 -
192.168.43.51 - - [13/May/2015:15:28:36 +0700] "GET /cit/getram/192.168.43.150/18702a182ba329f2e2aa94e50d026eae HTTP/1.1" 200 32
192.168.43.51 - - [13/May/2015:15:28:37 +0700] "GET /cit/getcpu/192.168.43.150/18702a182ba329f2e2aa94e50d026eae HTTP/1.1" 200 4
192.168.43.51 - - [13/May/2015:15:28:38 +0700] "GET /cit/getram/192.168.43.150/18702a182ba329f2e2aa94e50d026eae HTTP/1.1" 200 32
192.168.43.51 - - [13/May/2015:15:28:39 +0700] "GET /cit/getcpu/192.168.43.150/18702a182ba329f2e2aa94e50d026eae HTTP/1.1" 200 4
192.168.43.51 - - [13/May/2015:15:28:40 +0700] "GET /cit/getram/192.168.43.150/18702a182ba329f2e2aa94e50d026eae HTTP/1.1" 200 32
192.168.43.51 - - [13/May/2015:15:28:41 +0700] "GET /cit/getcpu/192.168.43.150/18702a182ba329f2e2aa94e50d026eae HTTP/1.1" 200 4
192.168.43.51 - - [13/May/2015:15:28:42 +0700] "GET /cit/getram/192.168.43.150/18702a182ba329f2e2aa94e50d026eae HTTP/1.1" 200 32
192.168.43.51 - - [13/May/2015:15:28:43 +0700] "GET /cit/getcpu/192.168.43.150/18702a182ba329f2e2aa94e50d026eae HTTP/1.1" 200 4
192.168.43.51 - - [13/May/2015:15:28:44 +0700] "GET /cit/getram/192.168.43.150/18702a182ba329f2e2aa94e50d026eae HTTP/1.1" 200 32
192.168.43.51 - - [13/May/2015:15:28:46 +0700] "GET /cit/getcpu/192.168.43.150/18702a182ba329f2e2aa94e50d026eae HTTP/1.1" 200 4
192.168.43.51 - - [13/May/2015:15:28:47 +0700] "GET /cit/getram/192.168.43.150/18702a182ba329f2e2aa94e50d026eae HTTP/1.1" 200 32
192.168.43.51 - - [13/May/2015:15:28:48 +0700] "GET /cit/getcpu/192.168.43.150/18702a182ba329f2e2aa94e50d026eae HTTP/1.1" 200 4
192.168.43.51 - - [13/May/2015:15:28:49 +0700] "GET /cit/getram/192.168.43.150/18702a182ba329f2e2aa94e50d026eae HTTP/1.1" 200 32
0:0:0:0:0:0:0:1 - - [13/May/2015:15:28:50 +0700] "GET /cit/checkstatus/192.168.0.17/ce11055235ad0d44b6c77c37147d24bc HTTP/1.1" 200 -
192.168.43.51 - - [13/May/2015:15:28:50 +0700] "GET /cit/getcpu/192.168.43.150/18702a182ba329f2e2aa94e50d026eae HTTP/1.1" 200 4
192.168.43.51 - - [13/May/2015:15:28:51 +0700] "GET /cit/getram/192.168.43.150/18702a182ba329f2e2aa94e50d026eae HTTP/1.1" 200 32
192.168.43.51 - - [13/May/2015:15:28:52 +0700] "GET /cit/getcpu/192.168.43.150/18702a182ba329f2e2aa94e50d026eae HTTP/1.1" 200 4
192.168.43.51 - - [13/May/2015:15:28:53 +0700] "GET /cit/getram/192.168.43.150/18702a182ba329f2e2aa94e50d026eae HTTP/1.1" 200 32
192.168.43.51 - - [13/May/2015:15:28:54 +0700] "GET /cit/getcpu/192.168.43.150/18702a182ba329f2e2aa94e50d026eae HTTP/1.1" 200 4
192.168.43.51 - - [13/May/2015:15:28:55 +0700] "GET /cit/getram/192.168.43.150/18702a182ba329f2e2aa94e50d026eae HTTP/1.1" 200 32
192.168.43.51 - - [13/May/2015:15:28:57 +0700] "GET /cit/getcpu/192.168.43.150/18702a182ba329f2e2aa94e50d026eae HTTP/1.1" 200 4
192.168.43.51 - - [13/May/2015:15:28:58 +0700] "GET /cit/getram/192.168.43.150/18702a182ba329f2e2aa94e50d026eae HTTP/1.1" 200 32
192.168.43.51 - - [13/May/2015:15:28:59 +0700] "GET /cit/getcpu/192.168.43.150/18702a182ba329f2e2aa94e50d026eae HTTP/1.1" 200 4
192.168.43.51 - - [13/May/2015:15:29:00 +0700] "GET /cit/getram/192.168.43.150/18702a182ba329f2e2aa94e50d026eae HTTP/1.1" 200 32
192.168.43.51 - - [13/May/2015:15:29:01 +0700] "GET /cit/getcpu/192.168.43.150/18702a182ba329f2e2aa94e50d026eae HTTP/1.1" 200 4
192.168.43.51 - - [13/May/2015:15:29:02 +0700] "GET /cit/getram/192.168.43.150/18702a182ba329f2e2aa94e50d026eae HTTP/1.1" 200 32
192.168.43.51 - - [13/May/2015:15:29:03 +0700] "GET /cit/getcpu/192.168.43.150/18702a182ba329f2e2aa94e50d026eae HTTP/1.1" 200 4
192.168.43.51 - - [13/May/2015:15:29:04 +0700] "GET /cit/getram/192.168.43.150/18702a182ba329f2e2aa94e50d026eae HTTP/1.1" 200 32
0:0:0:0:0:0:0:1 - - [13/May/2015:15:29:05 +0700] "GET /cit/checkstatus/192.168.0.17/ce11055235ad0d44b6c77c37147d24bc HTTP/1.1" 200 -
192.168.43.51 - - [13/May/2015:15:29:05 +0700] "GET /cit/getcpu/192.168.43.150/18702a182ba329f2e2aa94e50d026eae HTTP/1.1" 200 2
192.168.43.51 - - [13/May/2015:15:29:06 +0700] "GET /cit/getram/192.168.43.150/18702a182ba329f2e2aa94e50d026eae HTTP/1.1" 200 32
192.168.43.51 - - [13/May/2015:15:29:08 +0700] "GET /cit/getcpu/192.168.43.150/18702a182ba329f2e2aa94e50d026eae HTTP/1.1" 200 2
192.168.43.51 - - [13/May/2015:15:29:08 +0700] "GET /cit/serviceconfig/dhcp/192.168.43.150/18702a182ba329f2e2aa94e50d026eae HTTP/1.1" 200 14192
192.168.43.51 - - [13/May/2015:15:29:09 +0700] "GET /cit/getram/192.168.43.150/18702a182ba329f2e2aa94e50d026eae HTTP/1.1" 200 32
0:0:0:0:0:0:0:1 - - [13/May/2015:15:29:20 +0700] "GET /cit/checkstatus/192.168.0.17/ce11055235ad0d44b6c77c37147d24bc HTTP/1.1" 200 -
192.168.43.51 - - [13/May/2015:15:29:33 +0700] "GET /cit/serviceconfig/dhcp/subnets/192.168.43.150/18702a182ba329f2e2aa94e50d026eae HTTP/1.1" 200 20248
0:0:0:0:0:0:0:1 - - [13/May/2015:15:29:35 +0700] "GET /cit/checkstatus/192.168.0.17/ce11055235ad0d44b6c77c37147d24bc HTTP/1.1" 200 -
0:0:0:0:0:0:0:1 - - [13/May/2015:15:29:50 +0700] "GET /cit/checkstatus/192.168.0.17/ce11055235ad0d44b6c77c37147d24bc HTTP/1.1" 200 -
0:0:0:0:0:0:0:1 - - [13/May/2015:15:30:05 +0700] "GET /cit/checkstatus/192.168.0.17/ce11055235ad0d44b6c77c37147d24bc HTTP/1.1" 200 -
0:0:0:0:0:0:0:1 - - [13/May/2015:15:30:20 +0700] "GET /cit/checkstatus/192.168.0.17/ce11055235ad0d44b6c77c37147d24bc HTTP/1.1" 200 -
0:0:0:0:0:0:0:1 - - [13/May/2015:15:30:35 +0700] "GET /cit/checkstatus/192.168.0.17/ce11055235ad0d44b6c77c37147d24bc HTTP/1.1" 200 -
192.168.43.51 - - [13/May/2015:15:30:36 +0700] "GET /cit/serviceconfig/dhcp/removesubnet/192.168.43.150/192.168.0.0/18702a182ba329f2e2aa94e50d026eae HTTP/1.1" 302 -
192.168.43.51 - - [13/May/2015:15:30:47 +0700] "GET /cit/serviceconfig/dhcp/192.168.43.150/18702a182ba329f2e2aa94e50d026eae HTTP/1.1" 200 14223
0:0:0:0:0:0:0:1 - - [13/May/2015:15:30:50 +0700] "GET /cit/checkstatus/192.168.0.17/ce11055235ad0d44b6c77c37147d24bc HTTP/1.1" 200 -
0:0:0:0:0:0:0:1 - - [13/May/2015:15:31:05 +0700] "GET /cit/checkstatus/192.168.0.17/ce11055235ad0d44b6c77c37147d24bc HTTP/1.1" 200 -
0:0:0:0:0:0:0:1 - - [13/May/2015:15:31:20 +0700] "GET /cit/checkstatus/192.168.0.17/ce11055235ad0d44b6c77c37147d24bc HTTP/1.1" 200 -
0:0:0:0:0:0:0:1 - - [13/May/2015:15:31:35 +0700] "GET /cit/checkstatus/192.168.0.17/ce11055235ad0d44b6c77c37147d24bc HTTP/1.1" 200 -
0:0:0:0:0:0:0:1 - - [13/May/2015:15:31:50 +0700] "GET /cit/checkstatus/192.168.0.17/ce11055235ad0d44b6c77c37147d24bc HTTP/1.1" 200 -
0:0:0:0:0:0:0:1 - - [13/May/2015:15:32:05 +0700] "GET /cit/checkstatus/192.168.0.17/ce11055235ad0d44b6c77c37147d24bc HTTP/1.1" 200 -
0:0:0:0:0:0:0:1 - - [13/May/2015:15:32:20 +0700] "GET /cit/checkstatus/192.168.0.17/ce11055235ad0d44b6c77c37147d24bc HTTP/1.1" 200 -
0:0:0:0:0:0:0:1 - - [13/May/2015:15:32:35 +0700] "GET /cit/checkstatus/192.168.0.17/ce11055235ad0d44b6c77c37147d24bc HTTP/1.1" 200 -
0:0:0:0:0:0:0:1 - - [13/May/2015:15:32:50 +0700] "GET /cit/checkstatus/192.168.0.17/ce11055235ad0d44b6c77c37147d24bc HTTP/1.1" 200 -
0:0:0:0:0:0:0:1 - - [13/May/2015:15:33:05 +0700] "GET /cit/checkstatus/192.168.0.17/ce11055235ad0d44b6c77c37147d24bc HTTP/1.1" 200 -
0:0:0:0:0:0:0:1 - - [13/May/2015:15:33:20 +0700] "GET /cit/checkstatus/192.168.0.17/ce11055235ad0d44b6c77c37147d24bc HTTP/1.1" 200 -
0:0:0:0:0:0:0:1 - - [13/May/2015:15:33:35 +0700] "GET /cit/checkstatus/192.168.0.17/ce11055235ad0d44b6c77c37147d24bc HTTP/1.1" 200 -
0:0:0:0:0:0:0:1 - - [13/May/2015:15:33:50 +0700] "GET /cit/checkstatus/192.168.0.17/ce11055235ad0d44b6c77c37147d24bc HTTP/1.1" 200 -
0:0:0:0:0:0:0:1 - - [13/May/2015:15:34:05 +0700] "GET /cit/checkstatus/192.168.0.17/ce11055235ad0d44b6c77c37147d24bc HTTP/1.1" 200 -
0:0:0:0:0:0:0:1 - - [13/May/2015:15:34:20 +0700] "GET /cit/checkstatus/192.168.0.17/ce11055235ad0d44b6c77c37147d24bc HTTP/1.1" 200 -
0:0:0:0:0:0:0:1 - - [13/May/2015:15:34:35 +0700] "GET /cit/checkstatus/192.168.0.17/ce11055235ad0d44b6c77c37147d24bc HTTP/1.1" 200 -
0:0:0:0:0:0:0:1 - - [13/May/2015:15:34:50 +0700] "GET /cit/checkstatus/192.168.0.17/ce11055235ad0d44b6c77c37147d24bc HTTP/1.1" 200 -
0:0:0:0:0:0:0:1 - - [13/May/2015:15:35:05 +0700] "GET /cit/checkstatus/192.168.0.17/ce11055235ad0d44b6c77c37147d24bc HTTP/1.1" 200 -
0:0:0:0:0:0:0:1 - - [13/May/2015:15:35:20 +0700] "GET /cit/checkstatus/192.168.0.17/ce11055235ad0d44b6c77c37147d24bc HTTP/1.1" 200 -
0:0:0:0:0:0:0:1 - - [13/May/2015:15:35:35 +0700] "GET /cit/checkstatus/192.168.0.17/ce11055235ad0d44b6c77c37147d24bc HTTP/1.1" 200 -
0:0:0:0:0:0:0:1 - - [13/May/2015:15:35:50 +0700] "GET /cit/checkstatus/192.168.0.17/ce11055235ad0d44b6c77c37147d24bc HTTP/1.1" 200 -
0:0:0:0:0:0:0:1 - - [13/May/2015:15:36:05 +0700] "GET /cit/checkstatus/192.168.0.17/ce11055235ad0d44b6c77c37147d24bc HTTP/1.1" 200 -
0:0:0:0:0:0:0:1 - - [13/May/2015:15:36:20 +0700] "GET /cit/checkstatus/192.168.0.17/ce11055235ad0d44b6c77c37147d24bc HTTP/1.1" 200 -
192.168.43.51 - - [13/May/2015:15:36:32 +0700] "GET /cit/ HTTP/1.1" 200 14997
0:0:0:0:0:0:0:1 - - [13/May/2015:15:36:35 +0700] "GET /cit/checkstatus/192.168.0.17/ce11055235ad0d44b6c77c37147d24bc HTTP/1.1" 200 -
0:0:0:0:0:0:0:1 - - [13/May/2015:15:36:50 +0700] "GET /cit/checkstatus/192.168.0.17/ce11055235ad0d44b6c77c37147d24bc HTTP/1.1" 200 -
192.168.43.51 - - [13/May/2015:15:36:57 +0700] "GET /cit/checkstatus/192.168.43.150/18702a182ba329f2e2aa94e50d026eae HTTP/1.1" 200 4
0:0:0:0:0:0:0:1 - - [13/May/2015:15:37:05 +0700] "GET /cit/checkstatus/192.168.0.17/ce11055235ad0d44b6c77c37147d24bc HTTP/1.1" 200 -
192.168.43.51 - - [13/May/2015:15:37:08 +0700] "GET /cit/checkstatus/192.168.0.17/18702a182ba329f2e2aa94e50d026eae HTTP/1.1" 200 5
192.168.43.51 - - [13/May/2015:15:37:12 +0700] "GET /cit/checkstatus/192.168.43.150/18702a182ba329f2e2aa94e50d026eae HTTP/1.1" 200 4
0:0:0:0:0:0:0:1 - - [13/May/2015:15:37:20 +0700] "GET /cit/checkstatus/192.168.0.17/ce11055235ad0d44b6c77c37147d24bc HTTP/1.1" 200 -
192.168.43.51 - - [13/May/2015:15:37:23 +0700] "GET /cit/checkstatus/192.168.0.17/18702a182ba329f2e2aa94e50d026eae HTTP/1.1" 200 5
192.168.43.51 - - [13/May/2015:15:37:27 +0700] "GET /cit/checkstatus/192.168.43.150/18702a182ba329f2e2aa94e50d026eae HTTP/1.1" 200 4
0:0:0:0:0:0:0:1 - - [13/May/2015:15:37:35 +0700] "GET /cit/checkstatus/192.168.0.17/ce11055235ad0d44b6c77c37147d24bc HTTP/1.1" 200 -
192.168.43.51 - - [13/May/2015:15:37:38 +0700] "GET /cit/checkstatus/192.168.0.17/18702a182ba329f2e2aa94e50d026eae HTTP/1.1" 200 5
192.168.43.51 - - [13/May/2015:15:37:42 +0700] "GET /cit/checkstatus/192.168.43.150/18702a182ba329f2e2aa94e50d026eae HTTP/1.1" 200 4
0:0:0:0:0:0:0:1 - - [13/May/2015:15:37:50 +0700] "GET /cit/checkstatus/192.168.0.17/ce11055235ad0d44b6c77c37147d24bc HTTP/1.1" 200 -
192.168.43.51 - - [13/May/2015:15:37:53 +0700] "GET /cit/checkstatus/192.168.0.17/18702a182ba329f2e2aa94e50d026eae HTTP/1.1" 200 5
192.168.43.51 - - [13/May/2015:15:37:57 +0700] "GET /cit/checkstatus/192.168.43.150/18702a182ba329f2e2aa94e50d026eae HTTP/1.1" 200 4
0:0:0:0:0:0:0:1 - - [13/May/2015:15:38:05 +0700] "GET /cit/checkstatus/192.168.0.17/ce11055235ad0d44b6c77c37147d24bc HTTP/1.1" 200 -
192.168.43.51 - - [13/May/2015:15:38:08 +0700] "GET /cit/checkstatus/192.168.0.17/18702a182ba329f2e2aa94e50d026eae HTTP/1.1" 200 5
192.168.43.51 - - [13/May/2015:15:38:12 +0700] "GET /cit/checkstatus/192.168.43.150/18702a182ba329f2e2aa94e50d026eae HTTP/1.1" 200 4
0:0:0:0:0:0:0:1 - - [13/May/2015:15:38:20 +0700] "GET /cit/checkstatus/192.168.0.17/ce11055235ad0d44b6c77c37147d24bc HTTP/1.1" 200 -
192.168.43.51 - - [13/May/2015:15:38:23 +0700] "GET /cit/checkstatus/192.168.0.17/18702a182ba329f2e2aa94e50d026eae HTTP/1.1" 200 5
192.168.43.51 - - [13/May/2015:15:38:27 +0700] "GET /cit/checkstatus/192.168.43.150/18702a182ba329f2e2aa94e50d026eae HTTP/1.1" 200 4
0:0:0:0:0:0:0:1 - - [13/May/2015:15:38:35 +0700] "GET /cit/checkstatus/192.168.0.17/ce11055235ad0d44b6c77c37147d24bc HTTP/1.1" 200 -
192.168.43.51 - - [13/May/2015:15:38:38 +0700] "GET /cit/checkstatus/192.168.0.17/18702a182ba329f2e2aa94e50d026eae HTTP/1.1" 200 5
192.168.43.51 - - [13/May/2015:15:38:42 +0700] "GET /cit/checkstatus/192.168.43.150/18702a182ba329f2e2aa94e50d026eae HTTP/1.1" 200 4
0:0:0:0:0:0:0:1 - - [13/May/2015:15:38:50 +0700] "GET /cit/checkstatus/192.168.0.17/ce11055235ad0d44b6c77c37147d24bc HTTP/1.1" 200 -
192.168.43.51 - - [13/May/2015:15:38:53 +0700] "GET /cit/checkstatus/192.168.0.17/18702a182ba329f2e2aa94e50d026eae HTTP/1.1" 200 5
192.168.43.51 - - [13/May/2015:15:38:57 +0700] "GET /cit/checkstatus/192.168.43.150/18702a182ba329f2e2aa94e50d026eae HTTP/1.1" 200 4
0:0:0:0:0:0:0:1 - - [13/May/2015:15:39:05 +0700] "GET /cit/checkstatus/192.168.0.17/ce11055235ad0d44b6c77c37147d24bc HTTP/1.1" 200 -
192.168.43.51 - - [13/May/2015:15:39:08 +0700] "GET /cit/checkstatus/192.168.0.17/18702a182ba329f2e2aa94e50d026eae HTTP/1.1" 200 5
192.168.43.51 - - [13/May/2015:15:39:12 +0700] "GET /cit/checkstatus/192.168.43.150/18702a182ba329f2e2aa94e50d026eae HTTP/1.1" 200 4
0:0:0:0:0:0:0:1 - - [13/May/2015:15:39:20 +0700] "GET /cit/checkstatus/192.168.0.17/ce11055235ad0d44b6c77c37147d24bc HTTP/1.1" 200 -
192.168.43.51 - - [13/May/2015:15:39:23 +0700] "GET /cit/checkstatus/192.168.0.17/18702a182ba329f2e2aa94e50d026eae HTTP/1.1" 200 5
192.168.43.51 - - [13/May/2015:15:39:27 +0700] "GET /cit/checkstatus/192.168.43.150/18702a182ba329f2e2aa94e50d026eae HTTP/1.1" 200 4
0:0:0:0:0:0:0:1 - - [13/May/2015:15:39:35 +0700] "GET /cit/checkstatus/192.168.0.17/ce11055235ad0d44b6c77c37147d24bc HTTP/1.1" 200 -
192.168.43.51 - - [13/May/2015:15:39:38 +0700] "GET /cit/checkstatus/192.168.0.17/18702a182ba329f2e2aa94e50d026eae HTTP/1.1" 200 5
192.168.43.51 - - [13/May/2015:15:39:42 +0700] "GET /cit/checkstatus/192.168.43.150/18702a182ba329f2e2aa94e50d026eae HTTP/1.1" 200 4
0:0:0:0:0:0:0:1 - - [13/May/2015:15:39:50 +0700] "GET /cit/checkstatus/192.168.0.17/ce11055235ad0d44b6c77c37147d24bc HTTP/1.1" 200 -
192.168.43.51 - - [13/May/2015:15:39:53 +0700] "GET /cit/checkstatus/192.168.0.17/18702a182ba329f2e2aa94e50d026eae HTTP/1.1" 200 5
192.168.43.51 - - [13/May/2015:15:39:57 +0700] "GET /cit/checkstatus/192.168.43.150/18702a182ba329f2e2aa94e50d026eae HTTP/1.1" 200 4
0:0:0:0:0:0:0:1 - - [13/May/2015:15:40:05 +0700] "GET /cit/checkstatus/192.168.0.17/ce11055235ad0d44b6c77c37147d24bc HTTP/1.1" 200 -
192.168.43.51 - - [13/May/2015:15:40:08 +0700] "GET /cit/checkstatus/192.168.0.17/18702a182ba329f2e2aa94e50d026eae HTTP/1.1" 200 5
192.168.43.51 - - [13/May/2015:15:40:12 +0700] "GET /cit/checkstatus/192.168.43.150/18702a182ba329f2e2aa94e50d026eae HTTP/1.1" 200 4
0:0:0:0:0:0:0:1 - - [13/May/2015:15:40:20 +0700] "GET /cit/checkstatus/192.168.0.17/ce11055235ad0d44b6c77c37147d24bc HTTP/1.1" 200 -
192.168.43.51 - - [13/May/2015:15:40:23 +0700] "GET /cit/checkstatus/192.168.0.17/18702a182ba329f2e2aa94e50d026eae HTTP/1.1" 200 5
192.168.43.51 - - [13/May/2015:15:40:27 +0700] "GET /cit/checkstatus/192.168.43.150/18702a182ba329f2e2aa94e50d026eae HTTP/1.1" 200 4
0:0:0:0:0:0:0:1 - - [13/May/2015:15:40:35 +0700] "GET /cit/checkstatus/192.168.0.17/ce11055235ad0d44b6c77c37147d24bc HTTP/1.1" 200 -
192.168.43.51 - - [13/May/2015:15:40:38 +0700] "GET /cit/checkstatus/192.168.0.17/18702a182ba329f2e2aa94e50d026eae HTTP/1.1" 200 5
192.168.43.51 - - [13/May/2015:15:40:42 +0700] "GET /cit/checkstatus/192.168.43.150/18702a182ba329f2e2aa94e50d026eae HTTP/1.1" 200 4
0:0:0:0:0:0:0:1 - - [13/May/2015:15:40:50 +0700] "GET /cit/checkstatus/192.168.0.17/ce11055235ad0d44b6c77c37147d24bc HTTP/1.1" 200 -
192.168.43.51 - - [13/May/2015:15:40:53 +0700] "GET /cit/checkstatus/192.168.0.17/18702a182ba329f2e2aa94e50d026eae HTTP/1.1" 200 5
192.168.43.51 - - [13/May/2015:15:40:57 +0700] "GET /cit/checkstatus/192.168.43.150/18702a182ba329f2e2aa94e50d026eae HTTP/1.1" 200 4
0:0:0:0:0:0:0:1 - - [13/May/2015:15:41:05 +0700] "GET /cit/checkstatus/192.168.0.17/ce11055235ad0d44b6c77c37147d24bc HTTP/1.1" 200 -
192.168.43.51 - - [13/May/2015:15:41:08 +0700] "GET /cit/checkstatus/192.168.0.17/18702a182ba329f2e2aa94e50d026eae HTTP/1.1" 200 5
0:0:0:0:0:0:0:1 - - [13/May/2015:15:41:20 +0700] "GET /cit/checkstatus/192.168.0.17/ce11055235ad0d44b6c77c37147d24bc HTTP/1.1" 200 -
192.168.43.51 - - [13/May/2015:15:41:23 +0700] "GET /cit/checkstatus/192.168.0.17/18702a182ba329f2e2aa94e50d026eae HTTP/1.1" 200 5
0:0:0:0:0:0:0:1 - - [13/May/2015:15:41:35 +0700] "GET /cit/checkstatus/192.168.0.17/ce11055235ad0d44b6c77c37147d24bc HTTP/1.1" 200 -
0:0:0:0:0:0:0:1 - - [13/May/2015:22:31:38 +0700] "GET /cit/checkstatus/192.168.0.17/ce11055235ad0d44b6c77c37147d24bc HTTP/1.1" 200 26
0:0:0:0:0:0:0:1 - - [13/May/2015:22:31:38 +0700] "GET /cit/checkstatus/192.168.0.17/ce11055235ad0d44b6c77c37147d24bc HTTP/1.1" 200 26
0:0:0:0:0:0:0:1 - - [13/May/2015:22:31:53 +0700] "GET /cit/checkstatus/192.168.0.17/ce11055235ad0d44b6c77c37147d24bc HTTP/1.1" 200 26
